Archive member included to satisfy reference by file (symbol)

C:/ST/STM32CubeIDE_1.14.0/STM32CubeIDE/plugins/com.st.stm32cube.ide.mcu.externaltools.gnu-tools-for-stm32.11.3.rel1.win32_1.1.100.202309141235/tools/bin/../lib/gcc/arm-none-eabi/11.3.1/../../../../arm-none-eabi/lib/thumb/v7e-m+fp/hard\libm.a(libm_a-w_atan2.o)
                              ./Core/Src/main.o (atan2)
C:/ST/STM32CubeIDE_1.14.0/STM32CubeIDE/plugins/com.st.stm32cube.ide.mcu.externaltools.gnu-tools-for-stm32.11.3.rel1.win32_1.1.100.202309141235/tools/bin/../lib/gcc/arm-none-eabi/11.3.1/../../../../arm-none-eabi/lib/thumb/v7e-m+fp/hard\libm.a(libm_a-w_sqrt.o)
                              ./Core/Src/main.o (sqrt)
C:/ST/STM32CubeIDE_1.14.0/STM32CubeIDE/plugins/com.st.stm32cube.ide.mcu.externaltools.gnu-tools-for-stm32.11.3.rel1.win32_1.1.100.202309141235/tools/bin/../lib/gcc/arm-none-eabi/11.3.1/../../../../arm-none-eabi/lib/thumb/v7e-m+fp/hard\libm.a(libm_a-s_cos.o)
                              ./Core/Src/main.o (cos)
C:/ST/STM32CubeIDE_1.14.0/STM32CubeIDE/plugins/com.st.stm32cube.ide.mcu.externaltools.gnu-tools-for-stm32.11.3.rel1.win32_1.1.100.202309141235/tools/bin/../lib/gcc/arm-none-eabi/11.3.1/../../../../arm-none-eabi/lib/thumb/v7e-m+fp/hard\libm.a(libm_a-s_sin.o)
                              ./Core/Src/main.o (sin)
C:/ST/STM32CubeIDE_1.14.0/STM32CubeIDE/plugins/com.st.stm32cube.ide.mcu.externaltools.gnu-tools-for-stm32.11.3.rel1.win32_1.1.100.202309141235/tools/bin/../lib/gcc/arm-none-eabi/11.3.1/../../../../arm-none-eabi/lib/thumb/v7e-m+fp/hard\libm.a(libm_a-e_sqrt.o)
                              C:/ST/STM32CubeIDE_1.14.0/STM32CubeIDE/plugins/com.st.stm32cube.ide.mcu.externaltools.gnu-tools-for-stm32.11.3.rel1.win32_1.1.100.202309141235/tools/bin/../lib/gcc/arm-none-eabi/11.3.1/../../../../arm-none-eabi/lib/thumb/v7e-m+fp/hard\libm.a(libm_a-w_sqrt.o) (__ieee754_sqrt)
C:/ST/STM32CubeIDE_1.14.0/STM32CubeIDE/plugins/com.st.stm32cube.ide.mcu.externaltools.gnu-tools-for-stm32.11.3.rel1.win32_1.1.100.202309141235/tools/bin/../lib/gcc/arm-none-eabi/11.3.1/../../../../arm-none-eabi/lib/thumb/v7e-m+fp/hard\libm.a(libm_a-k_cos.o)
                              C:/ST/STM32CubeIDE_1.14.0/STM32CubeIDE/plugins/com.st.stm32cube.ide.mcu.externaltools.gnu-tools-for-stm32.11.3.rel1.win32_1.1.100.202309141235/tools/bin/../lib/gcc/arm-none-eabi/11.3.1/../../../../arm-none-eabi/lib/thumb/v7e-m+fp/hard\libm.a(libm_a-s_cos.o) (__kernel_cos)
C:/ST/STM32CubeIDE_1.14.0/STM32CubeIDE/plugins/com.st.stm32cube.ide.mcu.externaltools.gnu-tools-for-stm32.11.3.rel1.win32_1.1.100.202309141235/tools/bin/../lib/gcc/arm-none-eabi/11.3.1/../../../../arm-none-eabi/lib/thumb/v7e-m+fp/hard\libm.a(libm_a-k_sin.o)
                              C:/ST/STM32CubeIDE_1.14.0/STM32CubeIDE/plugins/com.st.stm32cube.ide.mcu.externaltools.gnu-tools-for-stm32.11.3.rel1.win32_1.1.100.202309141235/tools/bin/../lib/gcc/arm-none-eabi/11.3.1/../../../../arm-none-eabi/lib/thumb/v7e-m+fp/hard\libm.a(libm_a-s_cos.o) (__kernel_sin)
C:/ST/STM32CubeIDE_1.14.0/STM32CubeIDE/plugins/com.st.stm32cube.ide.mcu.externaltools.gnu-tools-for-stm32.11.3.rel1.win32_1.1.100.202309141235/tools/bin/../lib/gcc/arm-none-eabi/11.3.1/../../../../arm-none-eabi/lib/thumb/v7e-m+fp/hard\libm.a(libm_a-e_atan2.o)
                              C:/ST/STM32CubeIDE_1.14.0/STM32CubeIDE/plugins/com.st.stm32cube.ide.mcu.externaltools.gnu-tools-for-stm32.11.3.rel1.win32_1.1.100.202309141235/tools/bin/../lib/gcc/arm-none-eabi/11.3.1/../../../../arm-none-eabi/lib/thumb/v7e-m+fp/hard\libm.a(libm_a-w_atan2.o) (__ieee754_atan2)
C:/ST/STM32CubeIDE_1.14.0/STM32CubeIDE/plugins/com.st.stm32cube.ide.mcu.externaltools.gnu-tools-for-stm32.11.3.rel1.win32_1.1.100.202309141235/tools/bin/../lib/gcc/arm-none-eabi/11.3.1/../../../../arm-none-eabi/lib/thumb/v7e-m+fp/hard\libm.a(libm_a-e_rem_pio2.o)
                              C:/ST/STM32CubeIDE_1.14.0/STM32CubeIDE/plugins/com.st.stm32cube.ide.mcu.externaltools.gnu-tools-for-stm32.11.3.rel1.win32_1.1.100.202309141235/tools/bin/../lib/gcc/arm-none-eabi/11.3.1/../../../../arm-none-eabi/lib/thumb/v7e-m+fp/hard\libm.a(libm_a-s_cos.o) (__ieee754_rem_pio2)
C:/ST/STM32CubeIDE_1.14.0/STM32CubeIDE/plugins/com.st.stm32cube.ide.mcu.externaltools.gnu-tools-for-stm32.11.3.rel1.win32_1.1.100.202309141235/tools/bin/../lib/gcc/arm-none-eabi/11.3.1/../../../../arm-none-eabi/lib/thumb/v7e-m+fp/hard\libm.a(libm_a-s_atan.o)
                              C:/ST/STM32CubeIDE_1.14.0/STM32CubeIDE/plugins/com.st.stm32cube.ide.mcu.externaltools.gnu-tools-for-stm32.11.3.rel1.win32_1.1.100.202309141235/tools/bin/../lib/gcc/arm-none-eabi/11.3.1/../../../../arm-none-eabi/lib/thumb/v7e-m+fp/hard\libm.a(libm_a-e_atan2.o) (atan)
C:/ST/STM32CubeIDE_1.14.0/STM32CubeIDE/plugins/com.st.stm32cube.ide.mcu.externaltools.gnu-tools-for-stm32.11.3.rel1.win32_1.1.100.202309141235/tools/bin/../lib/gcc/arm-none-eabi/11.3.1/../../../../arm-none-eabi/lib/thumb/v7e-m+fp/hard\libm.a(libm_a-s_fabs.o)
[...]
Memory Configuration

Name             Origin             Length             Attributes
RAM              0x0000000020000000 0x0000000000050000 xrw
FLASH            0x0000000008000000 0x0000000000100000 xr
*default*        0x0000000000000000 0xffffffffffffffff

Linker script and memory map

LOAD C:/ST/STM32CubeIDE_1.14.0/STM32CubeIDE/plugins/com.st.stm32cube.ide.mcu.externaltools.gnu-tools-for-stm32.11.3.rel1.win32_1.1.100.202309141235/tools/bin/../lib/gcc/arm-none-eabi/11.3.1/thumb/v7e-m+fp/hard/crti.o
LOAD C:/ST/STM32CubeIDE_1.14.0/STM32CubeIDE/plugins/com.st.stm32cube.ide.mcu.externaltools.gnu-tools-for-stm32.11.3.rel1.win32_1.1.100.202309141235/tools/bin/../lib/gcc/arm-none-eabi/11.3.1/thumb/v7e-m+fp/hard/crtbegin.o
LOAD C:/ST/STM32CubeIDE_1.14.0/STM32CubeIDE/plugins/com.st.stm32cube.ide.mcu.externaltools.gnu-tools-for-stm32.11.3.rel1.win32_1.1.100.202309141235/tools/bin/../lib/gcc/arm-none-eabi/11.3.1/../../../../arm-none-eabi/lib/thumb/v7e-m+fp/hard/crt0.o
LOAD ./Core/Src/duration.o
LOAD ./Core/Src/freertos.o
LOAD ./Core/Src/main.o
LOAD ./Core/Src/mainpp.o
LOAD ./Core/Src/stm32f7xx_hal_msp.o
LOAD ./Core/Src/stm32f7xx_it.o
LOAD ./Core/Src/syscalls.o
LOAD ./Core/Src/sysmem.o
LOAD ./Core/Src/system_stm32f7xx.o
LOAD ./Core/Src/time.o
LOAD ./Core/Startup/startup_stm32f746zgtx.o
LOAD ./Drivers/STM32F7xx_HAL_Driver/Src/stm32f7xx_hal.o
LOAD ./Drivers/STM32F7xx_HAL_Driver/Src/stm32f7xx_hal_can.o
LOAD ./Drivers/STM32F7xx_HAL_Driver/Src/stm32f7xx_hal_cortex.o
LOAD ./Drivers/STM32F7xx_HAL_Driver/Src/stm32f7xx_hal_dma.o
LOAD ./Drivers/STM32F7xx_HAL_Driver/Src/stm32f7xx_hal_dma_ex.o
LOAD ./Drivers/STM32F7xx_HAL_Driver/Src/stm32f7xx_hal_exti.o
LOAD ./Drivers/STM32F7xx_HAL_Driver/Src/stm32f7xx_hal_flash.o
LOAD ./Drivers/STM32F7xx_HAL_Driver/Src/stm32f7xx_hal_flash_ex.o
LOAD ./Drivers/STM32F7xx_HAL_Driver/Src/stm32f7xx_hal_gpio.o
LOAD ./Drivers/STM32F7xx_HAL_Driver/Src/stm32f7xx_hal_i2c.o
LOAD ./Drivers/STM32F7xx_HAL_Driver/Src/stm32f7xx_hal_i2c_ex.o
LOAD ./Drivers/STM32F7xx_HAL_Driver/Src/stm32f7xx_hal_pwr.o
LOAD ./Drivers/STM32F7xx_HAL_Driver/Src/stm32f7xx_hal_pwr_ex.o
LOAD ./Drivers/STM32F7xx_HAL_Driver/Src/stm32f7xx_hal_rcc.o
LOAD ./Drivers/STM32F7xx_HAL_Driver/Src/stm32f7xx_hal_rcc_ex.o
LOAD ./Drivers/STM32F7xx_HAL_Driver/Src/stm32f7xx_hal_spi.o
LOAD ./Drivers/STM32F7xx_HAL_Driver/Src/stm32f7xx_hal_spi_ex.o
LOAD ./Drivers/STM32F7xx_HAL_Driver/Src/stm32f7xx_hal_tim.o
LOAD ./Drivers/STM32F7xx_HAL_Driver/Src/stm32f7xx_hal_tim_ex.o
LOAD ./Drivers/STM32F7xx_HAL_Driver/Src/stm32f7xx_hal_uart.o
LOAD ./Drivers/STM32F7xx_HAL_Driver/Src/stm32f7xx_hal_uart_ex.o
LOAD ./Middlewares/Third_Party/FreeRTOS/Source/CMSIS_RTOS/cmsis_os.o
LOAD ./Middlewares/Third_Party/FreeRTOS/Source/croutine.o
LOAD ./Middlewares/Third_Party/FreeRTOS/Source/event_groups.o
LOAD ./Middlewares/Third_Party/FreeRTOS/Source/list.o
LOAD ./Middlewares/Third_Party/FreeRTOS/Source/queue.o
LOAD ./Middlewares/Third_Party/FreeRTOS/Source/stream_buffer.o
LOAD ./Middlewares/Third_Party/FreeRTOS/Source/tasks.o
LOAD ./Middlewares/Third_Party/FreeRTOS/Source/timers.o
LOAD ./Middlewares/Third_Party/FreeRTOS/Source/portable/GCC/ARM_CM7/r0p1/port.o
LOAD ./Middlewares/Third_Party/FreeRTOS/Source/portable/MemMang/heap_4.o
START GROUP
LOAD C:/ST/STM32CubeIDE_1.14.0/STM32CubeIDE/plugins/com.st.stm32cube.ide.mcu.externaltools.gnu-tools-for-stm32.11.3.rel1.win32_1.1.100.202309141235/tools/bin/../lib/gcc/arm-none-eabi/11.3.1/../../../../arm-none-eabi/lib/thumb/v7e-m+fp/hard\libstdc++_nano.a
LOAD C:/ST/STM32CubeIDE_1.14.0/STM32CubeIDE/plugins/com.st.stm32cube.ide.mcu.externaltools.gnu-tools-for-stm32.11.3.rel1.win32_1.1.100.202309141235/tools/bin/../lib/gcc/arm-none-eabi/11.3.1/../../../../arm-none-eabi/lib/thumb/v7e-m+fp/hard\libsupc++_nano.a
END GROUP
LOAD C:/ST/STM32CubeIDE_1.14.0/STM32CubeIDE/plugins/com.st.stm32cube.ide.mcu.externaltools.gnu-tools-for-stm32.11.3.rel1.win32_1.1.100.202309141235/tools/bin/../lib/gcc/arm-none-eabi/11.3.1/../../../../arm-none-eabi/lib/thumb/v7e-m+fp/hard\libstdc++_nano.a
LOAD C:/ST/STM32CubeIDE_1.14.0/STM32CubeIDE/plugins/com.st.stm32cube.ide.mcu.externaltools.gnu-tools-for-stm32.11.3.rel1.win32_1.1.100.202309141235/tools/bin/../lib/gcc/arm-none-eabi/11.3.1/../../../../arm-none-eabi/lib/thumb/v7e-m+fp/hard\libm.a
LOAD C:/ST/STM32CubeIDE_1.14.0/STM32CubeIDE/plugins/com.st.stm32cube.ide.mcu.externaltools.gnu-tools-for-stm32.11.3.rel1.win32_1.1.100.202309141235/tools/bin/../lib/gcc/arm-none-eabi/11.3.1/../../../../arm-none-eabi/lib/thumb/v7e-m+fp/hard\libc_nano.a
START GROUP
LOAD C:/ST/STM32CubeIDE_1.14.0/STM32CubeIDE/plugins/com.st.stm32cube.ide.mcu.externaltools.gnu-tools-for-stm32.11.3.rel1.win32_1.1.100.202309141235/tools/bin/../lib/gcc/arm-none-eabi/11.3.1/thumb/v7e-m+fp/hard\libgcc.a
LOAD C:/ST/STM32CubeIDE_1.14.0/STM32CubeIDE/plugins/com.st.stm32cube.ide.mcu.externaltools.gnu-tools-for-stm32.11.3.rel1.win32_1.1.100.202309141235/tools/bin/../lib/gcc/arm-none-eabi/11.3.1/../../../../arm-none-eabi/lib/thumb/v7e-m+fp/hard\libc_nano.a
END GROUP
START GROUP
LOAD C:/ST/STM32CubeIDE_1.14.0/STM32CubeIDE/plugins/com.st.stm32cube.ide.mcu.externaltools.gnu-tools-for-stm32.11.3.rel1.win32_1.1.100.202309141235/tools/bin/../lib/gcc/arm-none-eabi/11.3.1/thumb/v7e-m+fp/hard\libgcc.a
LOAD C:/ST/STM32CubeIDE_1.14.0/STM32CubeIDE/plugins/com.st.stm32cube.ide.mcu.externaltools.gnu-tools-for-stm32.11.3.rel1.win32_1.1.100.202309141235/tools/bin/../lib/gcc/arm-none-eabi/11.3.1/../../../../arm-none-eabi/lib/thumb/v7e-m+fp/hard\libc_nano.a
END GROUP
LOAD C:/ST/STM32CubeIDE_1.14.0/STM32CubeIDE/plugins/com.st.stm32cube.ide.mcu.externaltools.gnu-tools-for-stm32.11.3.rel1.win32_1.1.100.202309141235/tools/bin/../lib/gcc/arm-none-eabi/11.3.1/thumb/v7e-m+fp/hard/crtend.o
LOAD C:/ST/STM32CubeIDE_1.14.0/STM32CubeIDE/plugins/com.st.stm32cube.ide.mcu.externaltools.gnu-tools-for-stm32.11.3.rel1.win32_1.1.100.202309141235/tools/bin/../lib/gcc/arm-none-eabi/11.3.1/thumb/v7e-m+fp/hard/crtn.o
                0x0000000020050000                _estack = (ORIGIN (RAM) + LENGTH (RAM))
                0x0000000000000200                _Min_Heap_Size = 0x200
                0x0000000000000400                _Min_Stack_Size = 0x400

.isr_vector     0x0000000008000000      0x1c8
                0x0000000008000000                . = ALIGN (0x4)
 *(.isr_vector)
 .isr_vector    0x0000000008000000      0x1c8 ./Core/Startup/startup_stm32f746zgtx.o
                0x0000000008000000                g_pfnVectors
                0x00000000080001c8                . = ALIGN (0x4)

.text           0x00000000080001d0     0xeb34
                0x00000000080001d0                . = ALIGN (0x4)
 *(.text)
 .text          0x00000000080001d0       0x40 C:/ST/STM32CubeIDE_1.14.0/STM32CubeIDE/plugins/com.st.stm32cube.ide.mcu.externaltools.gnu-tools-for-stm32.11.3.rel1.win32_1.1.100.202309141235/tools/bin/../lib/gcc/arm-none-eabi/11.3.1/thumb/v7e-m+fp/hard/crtbegin.o
 .text          0x0000000008000210       0x10 C:/ST/STM32CubeIDE_1.14.0/STM32CubeIDE/plugins/com.st.stm32cube.ide.mcu.externaltools.gnu-tools-for-stm32.11.3.rel1.win32_1.1.100.202309141235/tools/bin/../lib/gcc/arm-none-eabi/11.3.1/../../../../arm-none-eabi/lib/thumb/v7e-m+fp/hard\libc_nano.a(libc_a-strlen.o)
                0x0000000008000210                strlen
 .text          0x0000000008000220      0x378 C:/ST/STM32CubeIDE_1.14.0/STM32CubeIDE/plugins/com.st.stm32cube.ide.mcu.externaltools.gnu-tools-for-stm32.11.3.rel1.win32_1.1.100.202309141235/tools/bin/../lib/gcc/arm-none-eabi/11.3.1/thumb/v7e-m+fp/hard\libgcc.a(_arm_addsubdf3.o)
                0x0000000008000220                __aeabi_drsub
                0x0000000008000228                __aeabi_dsub
                0x0000000008000228                __subdf3
                0x000000000800022c                __aeabi_dadd
                0x000000000800022c                __adddf3
                0x00000000080004a4                __floatunsidf
                0x00000000080004a4                __aeabi_ui2d
                0x00000000080004c4                __floatsidf
                0x00000000080004c4                __aeabi_i2d
                0x00000000080004e8                __aeabi_f2d
                0x00000000080004e8                __extendsfdf2
                0x000000000800052c                __floatundidf
                0x000000000800052c                __aeabi_ul2d
                0x000000000800053c                __floatdidf
                0x000000000800053c                __aeabi_l2d
 .text          0x0000000008000598      0x424 C:/ST/STM32CubeIDE_1.14.0/STM32CubeIDE/plugins/com.st.stm32cube.ide.mcu.externaltools.gnu-tools-for-stm32.11.3.rel1.win32_1.1.100.202309141235/tools/bin/../lib/gcc/arm-none-eabi/11.3.1/thumb/v7e-m+fp/hard\libgcc.a(_arm_muldivdf3.o)
                0x0000000008000598                __aeabi_dmul
                0x0000000008000598                __muldf3
                0x00000000080007ec                __divdf3
                0x00000000080007ec                __aeabi_ddiv
 .text          0x00000000080009bc      0x110 C:/ST/STM32CubeIDE_1.14.0/STM32CubeIDE/plugins/com.st.stm32cube.ide.mcu.externaltools.gnu-tools-for-stm32.11.3.rel1.win32_1.1.100.202309141235/tools/bin/../lib/gcc/arm-none-eabi/11.3.1/thumb/v7e-m+fp/hard\libgcc.a(_arm_cmpdf2.o)
                0x00000000080009bc                __gtdf2
                0x00000000080009bc                __gedf2
                0x00000000080009c4                __ltdf2
                0x00000000080009c4                __ledf2
                0x00000000080009cc                __nedf2
                0x00000000080009cc                __eqdf2
                0x00000000080009cc                __cmpdf2
                0x0000000008000a48                __aeabi_cdrcmple
                0x0000000008000a58                __aeabi_cdcmpeq
                0x0000000008000a58                __aeabi_cdcmple
                0x0000000008000a68                __aeabi_dcmpeq
                0x0000000008000a7c                __aeabi_dcmplt
                0x0000000008000a90                __aeabi_dcmple
                0x0000000008000aa4                __aeabi_dcmpge
                0x0000000008000ab8                __aeabi_dcmpgt
 .text          0x0000000008000acc       0x2c C:/ST/STM32CubeIDE_1.14.0/STM32CubeIDE/plugins/com.st.stm32cube.ide.mcu.externaltools.gnu-tools-for-stm32.11.3.rel1.win32_1.1.100.202309141235/tools/bin/../lib/gcc/arm-none-eabi/11.3.1/thumb/v7e-m+fp/hard\libgcc.a(_arm_unorddf2.o)
                0x0000000008000acc                __unorddf2
                0x0000000008000acc                __aeabi_dcmpun
 .text          0x0000000008000af8       0x50 C:/ST/STM32CubeIDE_1.14.0/STM32CubeIDE/plugins/com.st.stm32cube.ide.mcu.externaltools.gnu-tools-for-stm32.11.3.rel1.win32_1.1.100.202309141235/tools/bin/../lib/gcc/arm-none-eabi/11.3.1/thumb/v7e-m+fp/hard\libgcc.a(_arm_fixdfsi.o)
                0x0000000008000af8                __aeabi_d2iz
                0x0000000008000af8                __fixdfsi
 .text          0x0000000008000b48       0x30 C:/ST/STM32CubeIDE_1.14.0/STM32CubeIDE/plugins/com.st.stm32cube.ide.mcu.externaltools.gnu-tools-for-stm32.11.3.rel1.win32_1.1.100.202309141235/tools/bin/../lib/gcc/arm-none-eabi/11.3.1/thumb/v7e-m+fp/hard\libgcc.a(_aeabi_uldivmod.o)
                0x0000000008000b48                __aeabi_uldivmod
 .text          0x0000000008000b78      0x2c8 C:/ST/STM32CubeIDE_1.14.0/STM32CubeIDE/plugins/com.st.stm32cube.ide.mcu.externaltools.gnu-tools-for-stm32.11.3.rel1.win32_1.1.100.202309141235/tools/bin/../lib/gcc/arm-none-eabi/11.3.1/thumb/v7e-m+fp/hard\libgcc.a(_udivmoddi4.o)
                0x0000000008000b78                __udivmoddi4
 .text          0x0000000008000e40        0x4 C:/ST/STM32CubeIDE_1.14.0/STM32CubeIDE/plugins/com.st.stm32cube.ide.mcu.externaltools.gnu-tools-for-stm32.11.3.rel1.win32_1.1.100.202309141235/tools/bin/../lib/gcc/arm-none-eabi/11.3.1/thumb/v7e-m+fp/hard\libgcc.a(_dvmd_tls.o)
                0x0000000008000e40                __aeabi_idiv0
                0x0000000008000e40                __aeabi_ldiv0
 *(.text*)
 .text.vApplicationGetIdleTaskMemory
                0x0000000008000e44       0x34 ./Core/Src/freertos.o
                0x0000000008000e44                vApplicationGetIdleTaskMemory
 .text.main     0x0000000008000e78      0x16c ./Core/Src/main.o
                0x0000000008000e78                main
 .text.SystemClock_Config
                0x0000000008000fe4       0xdc ./Core/Src/main.o
                0x0000000008000fe4                SystemClock_Config
 .text.MX_CAN1_Init
                0x00000000080010c0       0x6c ./Core/Src/main.o
 .text.MX_I2C2_Init
                0x000000000800112c       0x80 ./Core/Src/main.o
 .text.MX_I2C4_Init
                0x00000000080011ac       0x80 ./Core/Src/main.o
 .text.MX_SPI1_Init
                0x000000000800122c       0x7c ./Core/Src/main.o
 .text.MX_TIM1_Init
                0x00000000080012a8       0xb4 ./Core/Src/main.o
 .text.MX_TIM2_Init
                0x000000000800135c       0xa8 ./Core/Src/main.o
 .text.MX_TIM3_Init
                0x0000000008001404       0xfc ./Core/Src/main.o
 .text.MX_TIM4_Init
                0x0000000008001500       0xac ./Core/Src/main.o
 .text.MX_TIM5_Init
                0x00000000080015ac       0xd0 ./Core/Src/main.o
 .text.MX_TIM8_Init
                0x000000000800167c       0xb4 ./Core/Src/main.o
 .text.MX_TIM12_Init
                0x0000000008001730       0xa4 ./Core/Src/main.o
 .text.MX_TIM13_Init
                0x00000000080017d4       0x90 ./Core/Src/main.o
 .text.MX_USART2_UART_Init
                0x0000000008001864       0x60 ./Core/Src/main.o
 .text.MX_USART3_UART_Init
                0x00000000080018c4       0x60 ./Core/Src/main.o
 .text.MX_GPIO_Init
                0x0000000008001924      0x21c ./Core/Src/main.o
 .text.MotorUp  0x0000000008001b40       0x30 ./Core/Src/main.o
                0x0000000008001b40                MotorUp
 .text.MotorDown
                0x0000000008001b70       0x30 ./Core/Src/main.o
                0x0000000008001b70                MotorDown
 .text.MotorStop
                0x0000000008001ba0       0x30 ./Core/Src/main.o
                0x0000000008001ba0                MotorStop
 .text.HAL_TIM_IC_CaptureCallback
                0x0000000008001bd0       0xc0 ./Core/Src/main.o
                0x0000000008001bd0                HAL_TIM_IC_CaptureCallback
 .text.Color_Sensor
                0x0000000008001c90      0x138 ./Core/Src/main.o
                0x0000000008001c90                Color_Sensor
 .text.Wheeltask
                0x0000000008001dc8       0x10 ./Core/Src/main.o
                0x0000000008001dc8                Wheeltask
 .text.task2_joystick
                0x0000000008001dd8      0xe38 ./Core/Src/main.o
                0x0000000008001dd8                task2_joystick
 .text.dcmotor  0x0000000008002c10      0x1b0 ./Core/Src/main.o
                0x0000000008002c10                dcmotor
 .text.Colorcheck
                0x0000000008002dc0      0x164 ./Core/Src/main.o
                0x0000000008002dc0                Colorcheck
 .text.StartTask05
                0x0000000008002f24      0x1b0 ./Core/Src/main.o
                0x0000000008002f24                StartTask05
 .text.Error_Handler
                0x00000000080030d4        0xa ./Core/Src/main.o
                0x00000000080030d4                Error_Handler
 .text._ZN3ros4TimeC2Ev
                0x00000000080030de       0x22 ./Core/Src/mainpp.o
                0x00000000080030de                ros::Time::Time()
                0x00000000080030de                ros::Time::Time()
 .text._ZN3ros3MsgC2Ev
                0x0000000008003100       0x20 ./Core/Src/mainpp.o
                0x0000000008003100                ros::Msg::Msg()
                0x0000000008003100                ros::Msg::Msg()
 .text._ZN8std_msgs4TimeC2Ev
                0x0000000008003120       0x30 ./Core/Src/mainpp.o
                0x0000000008003120                std_msgs::Time::Time()
                0x0000000008003120                std_msgs::Time::Time()
 .text._ZNK8std_msgs4Time9serializeEPh
                0x0000000008003150       0xb0 ./Core/Src/mainpp.o
                0x0000000008003150                std_msgs::Time::serialize(unsigned char*) const
 .text._ZN8std_msgs4Time11deserializeEPh
                0x0000000008003200       0xc8 ./Core/Src/mainpp.o
                0x0000000008003200                std_msgs::Time::deserialize(unsigned char*)
 .text._ZN8std_msgs4Time7getTypeEv
                0x00000000080032c8       0x1c ./Core/Src/mainpp.o
                0x00000000080032c8                std_msgs::Time::getType()
 .text._ZN8std_msgs4Time6getMD5Ev
                0x00000000080032e4       0x1c ./Core/Src/mainpp.o
                0x00000000080032e4                std_msgs::Time::getMD5()
 .text._ZN14rosserial_msgs9TopicInfoC2Ev
                0x0000000008003300       0x48 ./Core/Src/mainpp.o
                0x0000000008003300                rosserial_msgs::TopicInfo::TopicInfo()
                0x0000000008003300                rosserial_msgs::TopicInfo::TopicInfo()
 .text._ZNK14rosserial_msgs9TopicInfo9serializeEPh
                0x0000000008003348      0x136 ./Core/Src/mainpp.o
                0x0000000008003348                rosserial_msgs::TopicInfo::serialize(unsigned char*) const
 .text._ZN14rosserial_msgs9TopicInfo11deserializeEPh
                0x000000000800347e      0x1d0 ./Core/Src/mainpp.o
                0x000000000800347e                rosserial_msgs::TopicInfo::deserialize(unsigned char*)
 *fill*         0x000000000800364e        0x2 
 .text._ZN14rosserial_msgs9TopicInfo7getTypeEv
                0x0000000008003650       0x1c ./Core/Src/mainpp.o
                0x0000000008003650                rosserial_msgs::TopicInfo::getType()
 .text._ZN14rosserial_msgs9TopicInfo6getMD5Ev
                0x000000000800366c       0x1c ./Core/Src/mainpp.o
                0x000000000800366c                rosserial_msgs::TopicInfo::getMD5()
 .text._ZN14rosserial_msgs3LogC2Ev
                0x0000000008003688       0x34 ./Core/Src/mainpp.o
                0x0000000008003688                rosserial_msgs::Log::Log()
                0x0000000008003688                rosserial_msgs::Log::Log()
 .text._ZNK14rosserial_msgs3Log9serializeEPh
                0x00000000080036bc       0x64 ./Core/Src/mainpp.o
                0x00000000080036bc                rosserial_msgs::Log::serialize(unsigned char*) const
 .text._ZN14rosserial_msgs3Log11deserializeEPh
                0x0000000008003720       0x90 ./Core/Src/mainpp.o
                0x0000000008003720                rosserial_msgs::Log::deserialize(unsigned char*)
 .text._ZN14rosserial_msgs3Log7getTypeEv
                0x00000000080037b0       0x1c ./Core/Src/mainpp.o
                0x00000000080037b0                rosserial_msgs::Log::getType()
 .text._ZN14rosserial_msgs3Log6getMD5Ev
                0x00000000080037cc       0x1c ./Core/Src/mainpp.o
                0x00000000080037cc                rosserial_msgs::Log::getMD5()
 .text._ZN14rosserial_msgs20RequestParamResponseC2Ev
                0x00000000080037e8       0x5c ./Core/Src/mainpp.o
                0x00000000080037e8                rosserial_msgs::RequestParamResponse::RequestParamResponse()
                0x00000000080037e8                rosserial_msgs::RequestParamResponse::RequestParamResponse()
 .text._ZNK14rosserial_msgs20RequestParamResponse9serializeEPh
                0x0000000008003844      0x222 ./Core/Src/mainpp.o
                0x0000000008003844                rosserial_msgs::RequestParamResponse::serialize(unsigned char*) const
 .text._ZN14rosserial_msgs20RequestParamResponse11deserializeEPh
                0x0000000008003a66      0x2e2 ./Core/Src/mainpp.o
                0x0000000008003a66                rosserial_msgs::RequestParamResponse::deserialize(unsigned char*)
 .text._ZN14rosserial_msgs20RequestParamResponse7getTypeEv
                0x0000000008003d48       0x1c ./Core/Src/mainpp.o
                0x0000000008003d48                rosserial_msgs::RequestParamResponse::getType()
 .text._ZN14rosserial_msgs20RequestParamResponse6getMD5Ev
                0x0000000008003d64       0x1c ./Core/Src/mainpp.o
                0x0000000008003d64                rosserial_msgs::RequestParamResponse::getMD5()
 .text._ZN3ros9PublisherC2EPKcPNS_3MsgEi
                0x0000000008003d80       0x2e ./Core/Src/mainpp.o
                0x0000000008003d80                ros::Publisher::Publisher(char const*, ros::Msg*, int)
                0x0000000008003d80                ros::Publisher::Publisher(char const*, ros::Msg*, int)
 .text._ZN3ros9Publisher7publishEPKNS_3MsgE
                0x0000000008003dae       0x28 ./Core/Src/mainpp.o
                0x0000000008003dae                ros::Publisher::publish(ros::Msg const*)
 .text._ZN3ros9Publisher15getEndpointTypeEv
                0x0000000008003dd6       0x18 ./Core/Src/mainpp.o
                0x0000000008003dd6                ros::Publisher::getEndpointType()
 .text._ZN11SerialClassC2ER20__UART_HandleTypeDef
                0x0000000008003dee       0x4c ./Core/Src/mainpp.o
                0x0000000008003dee                SerialClass::SerialClass(__UART_HandleTypeDef&)
                0x0000000008003dee                SerialClass::SerialClass(__UART_HandleTypeDef&)
 .text._ZN11SerialClass10get_handleEv
                0x0000000008003e3a       0x1c ./Core/Src/mainpp.o
                0x0000000008003e3a                SerialClass::get_handle()
 .text._ZN11SerialClass9start_dmaEv
                0x0000000008003e56       0x3c ./Core/Src/mainpp.o
                0x0000000008003e56                SerialClass::start_dma()
 .text._ZN11SerialClass4readEv
                0x0000000008003e92       0x7c ./Core/Src/mainpp.o
                0x0000000008003e92                SerialClass::read()
 .text._ZN11SerialClass5writeEPKhi
                0x0000000008003f0e       0x88 ./Core/Src/mainpp.o
                0x0000000008003f0e                SerialClass::write(unsigned char const*, int)
 .text._ZN11SerialClass16tx_cplt_callbackEv
                0x0000000008003f96       0x1e ./Core/Src/mainpp.o
                0x0000000008003f96                SerialClass::tx_cplt_callback()
 .text._ZN11SerialClass10reset_rbufEv
                0x0000000008003fb4       0x28 ./Core/Src/mainpp.o
                0x0000000008003fb4                SerialClass::reset_rbuf()
 .text.HAL_UART_TxCpltCallback
                0x0000000008003fdc       0x38 ./Core/Src/mainpp.o
                0x0000000008003fdc                HAL_UART_TxCpltCallback
 .text.HAL_UART_RxCpltCallback
                0x0000000008004014       0x1c ./Core/Src/mainpp.o
                0x0000000008004014                HAL_UART_RxCpltCallback
 .text._ZN13STM32HardwareC2Ev
                0x0000000008004030       0x20 ./Core/Src/mainpp.o
                0x0000000008004030                STM32Hardware::STM32Hardware()
                0x0000000008004030                STM32Hardware::STM32Hardware()
 .text._ZN13STM32Hardware4initEv
                0x0000000008004050       0x1a ./Core/Src/mainpp.o
                0x0000000008004050                STM32Hardware::init()
 .text._ZN13STM32Hardware4readEv
                0x000000000800406a       0x1c ./Core/Src/mainpp.o
                0x000000000800406a                STM32Hardware::read()
 .text._ZN13STM32Hardware5writeEPhi
                0x0000000008004086       0x22 ./Core/Src/mainpp.o
                0x0000000008004086                STM32Hardware::write(unsigned char*, int)
 .text._ZN13STM32Hardware4timeEv
                0x00000000080040a8       0x16 ./Core/Src/mainpp.o
                0x00000000080040a8                STM32Hardware::time()
 *fill*         0x00000000080040be        0x2 
 .text._ZN8std_msgs6StringC2Ev
                0x00000000080040c0       0x30 ./Core/Src/mainpp.o
                0x00000000080040c0                std_msgs::String::String()
                0x00000000080040c0                std_msgs::String::String()
 .text._ZNK8std_msgs6String9serializeEPh
                0x00000000080040f0       0x52 ./Core/Src/mainpp.o
                0x00000000080040f0                std_msgs::String::serialize(unsigned char*) const
 .text._ZN8std_msgs6String11deserializeEPh
                0x0000000008004142       0x7e ./Core/Src/mainpp.o
                0x0000000008004142                std_msgs::String::deserialize(unsigned char*)
 .text._ZN8std_msgs6String7getTypeEv
                0x00000000080041c0       0x1c ./Core/Src/mainpp.o
                0x00000000080041c0                std_msgs::String::getType()
 .text._ZN8std_msgs6String6getMD5Ev
                0x00000000080041dc       0x1c ./Core/Src/mainpp.o
                0x00000000080041dc                std_msgs::String::getMD5()
 .text._ZN8std_msgs19MultiArrayDimensionC2Ev
                0x00000000080041f8       0x3c ./Core/Src/mainpp.o
                0x00000000080041f8                std_msgs::MultiArrayDimension::MultiArrayDimension()
                0x00000000080041f8                std_msgs::MultiArrayDimension::MultiArrayDimension()
 .text._ZNK8std_msgs19MultiArrayDimension9serializeEPh
                0x0000000008004234       0xe6 ./Core/Src/mainpp.o
                0x0000000008004234                std_msgs::MultiArrayDimension::serialize(unsigned char*) const
 .text._ZN8std_msgs19MultiArrayDimension11deserializeEPh
                0x000000000800431a      0x12a ./Core/Src/mainpp.o
                0x000000000800431a                std_msgs::MultiArrayDimension::deserialize(unsigned char*)
 .text._ZN8std_msgs19MultiArrayDimension7getTypeEv
                0x0000000008004444       0x1c ./Core/Src/mainpp.o
                0x0000000008004444                std_msgs::MultiArrayDimension::getType()
 .text._ZN8std_msgs19MultiArrayDimension6getMD5Ev
                0x0000000008004460       0x1c ./Core/Src/mainpp.o
                0x0000000008004460                std_msgs::MultiArrayDimension::getMD5()
 .text._ZN8std_msgs16MultiArrayLayoutC2Ev
                0x000000000800447c       0x40 ./Core/Src/mainpp.o
                0x000000000800447c                std_msgs::MultiArrayLayout::MultiArrayLayout()
                0x000000000800447c                std_msgs::MultiArrayLayout::MultiArrayLayout()
 .text._ZNK8std_msgs16MultiArrayLayout9serializeEPh
                0x00000000080044bc       0xec ./Core/Src/mainpp.o
                0x00000000080044bc                std_msgs::MultiArrayLayout::serialize(unsigned char*) const
 .text._ZN8std_msgs16MultiArrayLayout11deserializeEPh
                0x00000000080045a8      0x120 ./Core/Src/mainpp.o
                0x00000000080045a8                std_msgs::MultiArrayLayout::deserialize(unsigned char*)
 .text._ZN8std_msgs16MultiArrayLayout7getTypeEv
                0x00000000080046c8       0x1c ./Core/Src/mainpp.o
                0x00000000080046c8                std_msgs::MultiArrayLayout::getType()
 .text._ZN8std_msgs16MultiArrayLayout6getMD5Ev
                0x00000000080046e4       0x1c ./Core/Src/mainpp.o
                0x00000000080046e4                std_msgs::MultiArrayLayout::getMD5()
 .text._ZN8std_msgs15Int16MultiArrayC2Ev
                0x0000000008004700       0x40 ./Core/Src/mainpp.o
                0x0000000008004700                std_msgs::Int16MultiArray::Int16MultiArray()
                0x0000000008004700                std_msgs::Int16MultiArray::Int16MultiArray()
 .text._ZNK8std_msgs15Int16MultiArray9serializeEPh
                0x0000000008004740       0xc4 ./Core/Src/mainpp.o
                0x0000000008004740                std_msgs::Int16MultiArray::serialize(unsigned char*) const
 .text._ZN8std_msgs15Int16MultiArray11deserializeEPh
                0x0000000008004804      0x104 ./Core/Src/mainpp.o
                0x0000000008004804                std_msgs::Int16MultiArray::deserialize(unsigned char*)
 .text._ZN8std_msgs15Int16MultiArray7getTypeEv
                0x0000000008004908       0x1c ./Core/Src/mainpp.o
                0x0000000008004908                std_msgs::Int16MultiArray::getType()
 .text._ZN8std_msgs15Int16MultiArray6getMD5Ev
                0x0000000008004924       0x1c ./Core/Src/mainpp.o
                0x0000000008004924                std_msgs::Int16MultiArray::getMD5()
 .text._ZN13geometry_msgs7Vector3C2Ev
                0x0000000008004940       0x50 ./Core/Src/mainpp.o
                0x0000000008004940                geometry_msgs::Vector3::Vector3()
                0x0000000008004940                geometry_msgs::Vector3::Vector3()
 .text._ZNK13geometry_msgs7Vector39serializeEPh
                0x0000000008004990      0x2e6 ./Core/Src/mainpp.o
                0x0000000008004990                geometry_msgs::Vector3::serialize(unsigned char*) const
 .text._ZN13geometry_msgs7Vector311deserializeEPh
                0x0000000008004c76      0x6be ./Core/Src/mainpp.o
                0x0000000008004c76                geometry_msgs::Vector3::deserialize(unsigned char*)
 .text._ZN13geometry_msgs7Vector37getTypeEv
                0x0000000008005334       0x1c ./Core/Src/mainpp.o
                0x0000000008005334                geometry_msgs::Vector3::getType()
 .text._ZN13geometry_msgs7Vector36getMD5Ev
                0x0000000008005350       0x1c ./Core/Src/mainpp.o
                0x0000000008005350                geometry_msgs::Vector3::getMD5()
 .text._ZN13geometry_msgs5TwistC2Ev
                0x000000000800536c       0x38 ./Core/Src/mainpp.o
                0x000000000800536c                geometry_msgs::Twist::Twist()
                0x000000000800536c                geometry_msgs::Twist::Twist()
 .text._ZNK13geometry_msgs5Twist9serializeEPh
                0x00000000080053a4       0x4c ./Core/Src/mainpp.o
                0x00000000080053a4                geometry_msgs::Twist::serialize(unsigned char*) const
 .text._ZN13geometry_msgs5Twist11deserializeEPh
                0x00000000080053f0       0x4c ./Core/Src/mainpp.o
                0x00000000080053f0                geometry_msgs::Twist::deserialize(unsigned char*)
 .text._ZN13geometry_msgs5Twist7getTypeEv
                0x000000000800543c       0x1c ./Core/Src/mainpp.o
                0x000000000800543c                geometry_msgs::Twist::getType()
 .text._ZN13geometry_msgs5Twist6getMD5Ev
                0x0000000008005458       0x1c ./Core/Src/mainpp.o
                0x0000000008005458                geometry_msgs::Twist::getMD5()
 .text._ZN3ros15NodeHandleBase_C2Ev
                0x0000000008005474       0x20 ./Core/Src/mainpp.o
                0x0000000008005474                ros::NodeHandleBase_::NodeHandleBase_()
                0x0000000008005474                ros::NodeHandleBase_::NodeHandleBase_()
 .text._ZN3ros11NodeHandle_I13STM32HardwareLi25ELi25ELi512ELi512EEC2Ev
                0x0000000008005494       0xe4 ./Core/Src/mainpp.o
                0x0000000008005494                ros::NodeHandle_<STM32Hardware, 25, 25, 512, 512>::NodeHandle_()
                0x0000000008005494                ros::NodeHandle_<STM32Hardware, 25, 25, 512, 512>::NodeHandle_()
 .text._Z9call_backRKN13geometry_msgs5TwistE
                0x0000000008005578       0x48 ./Core/Src/mainpp.o
                0x0000000008005578                call_back(geometry_msgs::Twist const&)
 .text.setup    0x00000000080055c0       0x2c ./Core/Src/mainpp.o
                0x00000000080055c0                setup
 .text.loop     0x00000000080055ec       0x28 ./Core/Src/mainpp.o
                0x00000000080055ec                loop
 .text._ZN3ros3Msg8varToArrIPhmEEvT_T0_
                0x0000000008005614       0x3e ./Core/Src/mainpp.o
                0x0000000008005614                void ros::Msg::varToArr<unsigned char*, unsigned long>(unsigned char*, unsigned long)
 .text._ZN3ros3Msg8arrToVarImPhEEvRT_T0_
                0x0000000008005652       0x4c ./Core/Src/mainpp.o
                0x0000000008005652                void ros::Msg::arrToVar<unsigned long, unsigned char*>(unsigned long&, unsigned char*)
 *fill*         0x000000000800569e        0x2 
 .text._ZN3ros11Subscriber_C2Ev
                0x00000000080056a0       0x20 ./Core/Src/mainpp.o
                0x00000000080056a0                ros::Subscriber_::Subscriber_()
                0x00000000080056a0                ros::Subscriber_::Subscriber_()
 .text._ZN3ros10SubscriberIN13geometry_msgs5TwistEvEC2EPKcPFvRKS2_Ei
                0x00000000080056c0       0x48 ./Core/Src/mainpp.o
                0x00000000080056c0                ros::Subscriber<geometry_msgs::Twist, void>::Subscriber(char const*, void (*)(geometry_msgs::Twist const&), int)
                0x00000000080056c0                ros::Subscriber<geometry_msgs::Twist, void>::Subscriber(char const*, void (*)(geometry_msgs::Twist const&), int)
 .text._ZN3ros11NodeHandle_I13STM32HardwareLi25ELi25ELi512ELi512EE8initNodeEv
                0x0000000008005708       0x3a ./Core/Src/mainpp.o
                0x0000000008005708                ros::NodeHandle_<STM32Hardware, 25, 25, 512, 512>::initNode()
 .text._ZN3ros11NodeHandle_I13STM32HardwareLi25ELi25ELi512ELi512EE9advertiseERNS_9PublisherE
                0x0000000008005742       0x5c ./Core/Src/mainpp.o
                0x0000000008005742                ros::NodeHandle_<STM32Hardware, 25, 25, 512, 512>::advertise(ros::Publisher&)
 .text._ZN3ros11NodeHandle_I13STM32HardwareLi25ELi25ELi512ELi512EE9subscribeERNS_11Subscriber_E
                0x000000000800579e       0x5a ./Core/Src/mainpp.o
                0x000000000800579e                ros::NodeHandle_<STM32Hardware, 25, 25, 512, 512>::subscribe(ros::Subscriber_&)
 .text._Z41__static_initialization_and_destruction_0ii
                0x00000000080057f8       0x90 ./Core/Src/mainpp.o
 .text._ZN3ros10SubscriberIN13geometry_msgs5TwistEvE8callbackEPh
                0x0000000008005888       0x2a ./Core/Src/mainpp.o
                0x0000000008005888                ros::Subscriber<geometry_msgs::Twist, void>::callback(unsigned char*)
 .text._ZN3ros10SubscriberIN13geometry_msgs5TwistEvE15getEndpointTypeEv
                0x00000000080058b2       0x18 ./Core/Src/mainpp.o
                0x00000000080058b2                ros::Subscriber<geometry_msgs::Twist, void>::getEndpointType()
 .text._ZN3ros10SubscriberIN13geometry_msgs5TwistEvE10getMsgTypeEv
                0x00000000080058ca       0x1c ./Core/Src/mainpp.o
                0x00000000080058ca                ros::Subscriber<geometry_msgs::Twist, void>::getMsgType()
 .text._ZN3ros10SubscriberIN13geometry_msgs5TwistEvE9getMsgMD5Ev
                0x00000000080058e6       0x1c ./Core/Src/mainpp.o
                0x00000000080058e6                ros::Subscriber<geometry_msgs::Twist, void>::getMsgMD5()
 *fill*         0x0000000008005902        0x2 
 .text._ZN3ros11NodeHandle_I13STM32HardwareLi25ELi25ELi512ELi512EE7publishEiPKNS_3MsgE
                0x0000000008005904      0x128 ./Core/Src/mainpp.o
                0x0000000008005904                ros::NodeHandle_<STM32Hardware, 25, 25, 512, 512>::publish(int, ros::Msg const*)
 .text._ZN3ros11NodeHandle_I13STM32HardwareLi25ELi25ELi512ELi512EE8spinOnceEv
                0x0000000008005a2c      0x3a6 ./Core/Src/mainpp.o
                0x0000000008005a2c                ros::NodeHandle_<STM32Hardware, 25, 25, 512, 512>::spinOnce()
 .text._ZN3ros11NodeHandle_I13STM32HardwareLi25ELi25ELi512ELi512EE9connectedEv
                0x0000000008005dd2       0x1a ./Core/Src/mainpp.o
                0x0000000008005dd2                ros::NodeHandle_<STM32Hardware, 25, 25, 512, 512>::connected()
 .text._ZN3ros11NodeHandle_I13STM32HardwareLi25ELi25ELi512ELi512EE8logerrorEPKc
                0x0000000008005dec       0x1c ./Core/Src/mainpp.o
                0x0000000008005dec                ros::NodeHandle_<STM32Hardware, 25, 25, 512, 512>::logerror(char const*)
 .text._ZN3ros11NodeHandle_I13STM32HardwareLi25ELi25ELi512ELi512EE15requestSyncTimeEv
                0x0000000008005e08       0x3a ./Core/Src/mainpp.o
                0x0000000008005e08                ros::NodeHandle_<STM32Hardware, 25, 25, 512, 512>::requestSyncTime()
 .text._ZN3ros11NodeHandle_I13STM32HardwareLi25ELi25ELi512ELi512EE15negotiateTopicsEv
                0x0000000008005e42      0x1c0 ./Core/Src/mainpp.o
                0x0000000008005e42                ros::NodeHandle_<STM32Hardware, 25, 25, 512, 512>::negotiateTopics()
 *fill*         0x0000000008006002        0x2 
 .text._ZN3ros11NodeHandle_I13STM32HardwareLi25ELi25ELi512ELi512EE8syncTimeEPh
                0x0000000008006004       0x94 ./Core/Src/mainpp.o
                0x0000000008006004                ros::NodeHandle_<STM32Hardware, 25, 25, 512, 512>::syncTime(unsigned char*)
 .text._ZN3ros11NodeHandle_I13STM32HardwareLi25ELi25ELi512ELi512EE3logEcPKc
                0x0000000008006098       0x38 ./Core/Src/mainpp.o
                0x0000000008006098                ros::NodeHandle_<STM32Hardware, 25, 25, 512, 512>::log(char, char const*)
 .text._ZN3ros11NodeHandle_I13STM32HardwareLi25ELi25ELi512ELi512EE6setNowERKNS_4TimeE
                0x00000000080060d0       0x7c ./Core/Src/mainpp.o
                0x00000000080060d0                ros::NodeHandle_<STM32Hardware, 25, 25, 512, 512>::setNow(ros::Time const&)
 .text._GLOBAL__sub_I_serial
                0x000000000800614c       0x10 ./Core/Src/mainpp.o
 .text.HAL_MspInit
                0x000000000800615c       0x50 ./Core/Src/stm32f7xx_hal_msp.o
                0x000000000800615c                HAL_MspInit
 .text.HAL_CAN_MspInit
                0x00000000080061ac       0x88 ./Core/Src/stm32f7xx_hal_msp.o
                0x00000000080061ac                HAL_CAN_MspInit
 .text.HAL_I2C_MspInit
                0x0000000008006234      0x14c ./Core/Src/stm32f7xx_hal_msp.o
                0x0000000008006234                HAL_I2C_MspInit
 .text.HAL_SPI_MspInit
                0x0000000008006380       0xe4 ./Core/Src/stm32f7xx_hal_msp.o
                0x0000000008006380                HAL_SPI_MspInit
 .text.HAL_TIM_Encoder_MspInit
                0x0000000008006464      0x1d0 ./Core/Src/stm32f7xx_hal_msp.o
                0x0000000008006464                HAL_TIM_Encoder_MspInit
 .text.HAL_TIM_PWM_MspInit
                0x0000000008006634       0x90 ./Core/Src/stm32f7xx_hal_msp.o
                0x0000000008006634                HAL_TIM_PWM_MspInit
 .text.HAL_TIM_Base_MspInit
                0x00000000080066c4       0x98 ./Core/Src/stm32f7xx_hal_msp.o
                0x00000000080066c4                HAL_TIM_Base_MspInit
 .text.HAL_TIM_MspPostInit
                0x000000000800675c      0x144 ./Core/Src/stm32f7xx_hal_msp.o
                0x000000000800675c                HAL_TIM_MspPostInit
 .text.HAL_UART_MspInit
                0x00000000080068a0      0x144 ./Core/Src/stm32f7xx_hal_msp.o
                0x00000000080068a0                HAL_UART_MspInit
 .text.NMI_Handler
                0x00000000080069e4        0x6 ./Core/Src/stm32f7xx_it.o
                0x00000000080069e4                NMI_Handler
 .text.HardFault_Handler
                0x00000000080069ea        0x6 ./Core/Src/stm32f7xx_it.o
                0x00000000080069ea                HardFault_Handler
 .text.MemManage_Handler
                0x00000000080069f0        0x6 ./Core/Src/stm32f7xx_it.o
                0x00000000080069f0                MemManage_Handler
 .text.BusFault_Handler
                0x00000000080069f6        0x6 ./Core/Src/stm32f7xx_it.o
                0x00000000080069f6                BusFault_Handler
 .text.UsageFault_Handler
                0x00000000080069fc        0x6 ./Core/Src/stm32f7xx_it.o
                0x00000000080069fc                UsageFault_Handler
 .text.DebugMon_Handler
                0x0000000008006a02        0xe ./Core/Src/stm32f7xx_it.o
                0x0000000008006a02                DebugMon_Handler
 .text.SysTick_Handler
                0x0000000008006a10       0x1a ./Core/Src/stm32f7xx_it.o
                0x0000000008006a10                SysTick_Handler
 *fill*         0x0000000008006a2a        0x2 
 .text.TIM1_UP_TIM10_IRQHandler
                0x0000000008006a2c       0x14 ./Core/Src/stm32f7xx_it.o
                0x0000000008006a2c                TIM1_UP_TIM10_IRQHandler
 .text.TIM8_UP_TIM13_IRQHandler
                0x0000000008006a40       0x1c ./Core/Src/stm32f7xx_it.o
                0x0000000008006a40                TIM8_UP_TIM13_IRQHandler
 .text._sbrk    0x0000000008006a5c       0x6c ./Core/Src/sysmem.o
                0x0000000008006a5c                _sbrk
 .text.SystemInit
                0x0000000008006ac8       0x24 ./Core/Src/system_stm32f7xx.o
                0x0000000008006ac8                SystemInit
 .text._ZN3ros16normalizeSecNSecERmS0_
                0x0000000008006aec       0x58 ./Core/Src/time.o
                0x0000000008006aec                ros::normalizeSecNSec(unsigned long&, unsigned long&)
 .text.Reset_Handler
                0x0000000008006b44       0x50 ./Core/Startup/startup_stm32f746zgtx.o
                0x0000000008006b44                Reset_Handler
 .text.Default_Handler
                0x0000000008006b94        0x2 ./Core/Startup/startup_stm32f746zgtx.o
                0x0000000008006b94                RTC_Alarm_IRQHandler
                0x0000000008006b94                EXTI2_IRQHandler
                0x0000000008006b94                TIM8_CC_IRQHandler
                0x0000000008006b94                UART8_IRQHandler
                0x0000000008006b94                SPI4_IRQHandler
                0x0000000008006b94                TIM1_CC_IRQHandler
                0x0000000008006b94                DMA2_Stream5_IRQHandler
                0x0000000008006b94                DMA1_Stream5_IRQHandler
                0x0000000008006b94                PVD_IRQHandler
                0x0000000008006b94                TAMP_STAMP_IRQHandler
                0x0000000008006b94                CAN2_RX1_IRQHandler
                0x0000000008006b94                EXTI3_IRQHandler
                0x0000000008006b94                TIM8_TRG_COM_TIM14_IRQHandler
                0x0000000008006b94                I2C3_ER_IRQHandler
                0x0000000008006b94                EXTI0_IRQHandler
                0x0000000008006b94                I2C2_EV_IRQHandler
                0x0000000008006b94                DMA1_Stream2_IRQHandler
                0x0000000008006b94                CAN1_RX0_IRQHandler
                0x0000000008006b94                FPU_IRQHandler
                0x0000000008006b94                OTG_HS_WKUP_IRQHandler
                0x0000000008006b94                LTDC_ER_IRQHandler
                0x0000000008006b94                CAN2_SCE_IRQHandler
                0x0000000008006b94                DMA2_Stream2_IRQHandler
                0x0000000008006b94                SPI1_IRQHandler
                0x0000000008006b94                TIM6_DAC_IRQHandler
                0x0000000008006b94                TIM1_BRK_TIM9_IRQHandler
                0x0000000008006b94                DCMI_IRQHandler
                0x0000000008006b94                CAN2_RX0_IRQHandler
                0x0000000008006b94                DMA2_Stream3_IRQHandler
                0x0000000008006b94                SAI2_IRQHandler
                0x0000000008006b94                USART6_IRQHandler
                0x0000000008006b94                USART3_IRQHandler
                0x0000000008006b94                CAN1_RX1_IRQHandler
                0x0000000008006b94                UART5_IRQHandler
                0x0000000008006b94                DMA2_Stream0_IRQHandler
                0x0000000008006b94                TIM4_IRQHandler
                0x0000000008006b94                QUADSPI_IRQHandler
                0x0000000008006b94                I2C1_EV_IRQHandler
                0x0000000008006b94                DMA1_Stream6_IRQHandler
                0x0000000008006b94                DMA1_Stream1_IRQHandler
                0x0000000008006b94                UART4_IRQHandler
                0x0000000008006b94                TIM3_IRQHandler
                0x0000000008006b94                RCC_IRQHandler
                0x0000000008006b94                TIM8_BRK_TIM12_IRQHandler
                0x0000000008006b94                Default_Handler
                0x0000000008006b94                CEC_IRQHandler
                0x0000000008006b94                EXTI15_10_IRQHandler
                0x0000000008006b94                ADC_IRQHandler
                0x0000000008006b94                DMA1_Stream7_IRQHandler
                0x0000000008006b94                SPI5_IRQHandler
                0x0000000008006b94                TIM7_IRQHandler
                0x0000000008006b94                SDMMC1_IRQHandler
                0x0000000008006b94                CAN2_TX_IRQHandler
                0x0000000008006b94                TIM5_IRQHandler
                0x0000000008006b94                DMA2_Stream7_IRQHandler
                0x0000000008006b94                I2C3_EV_IRQHandler
                0x0000000008006b94                EXTI9_5_IRQHandler
                0x0000000008006b94                RTC_WKUP_IRQHandler
                0x0000000008006b94                LTDC_IRQHandler
                0x0000000008006b94                ETH_WKUP_IRQHandler
                0x0000000008006b94                SPDIF_RX_IRQHandler
                0x0000000008006b94                SPI2_IRQHandler
                0x0000000008006b94                OTG_HS_EP1_IN_IRQHandler
                0x0000000008006b94                DMA1_Stream0_IRQHandler
                0x0000000008006b94                CAN1_TX_IRQHandler
                0x0000000008006b94                EXTI4_IRQHandler
                0x0000000008006b94                RNG_IRQHandler
                0x0000000008006b94                ETH_IRQHandler
                0x0000000008006b94                OTG_HS_EP1_OUT_IRQHandler
                0x0000000008006b94                WWDG_IRQHandler
                0x0000000008006b94                SPI6_IRQHandler
                0x0000000008006b94                I2C4_EV_IRQHandler
                0x0000000008006b94                TIM2_IRQHandler
                0x0000000008006b94                OTG_FS_WKUP_IRQHandler
                0x0000000008006b94                TIM1_TRG_COM_TIM11_IRQHandler
                0x0000000008006b94                OTG_HS_IRQHandler
                0x0000000008006b94                DMA2D_IRQHandler
                0x0000000008006b94                EXTI1_IRQHandler
                0x0000000008006b94                UART7_IRQHandler
                0x0000000008006b94                USART2_IRQHandler
                0x0000000008006b94                I2C2_ER_IRQHandler
                0x0000000008006b94                DMA2_Stream1_IRQHandler
                0x0000000008006b94                CAN1_SCE_IRQHandler
                0x0000000008006b94                FLASH_IRQHandler
                0x0000000008006b94                DMA2_Stream4_IRQHandler
                0x0000000008006b94                USART1_IRQHandler
                0x0000000008006b94                OTG_FS_IRQHandler
                0x0000000008006b94                SPI3_IRQHandler
                0x0000000008006b94                DMA1_Stream4_IRQHandler
                0x0000000008006b94                I2C1_ER_IRQHandler
                0x0000000008006b94                FMC_IRQHandler
                0x0000000008006b94                LPTIM1_IRQHandler
                0x0000000008006b94                I2C4_ER_IRQHandler
                0x0000000008006b94                DMA2_Stream6_IRQHandler
                0x0000000008006b94                SAI1_IRQHandler
                0x0000000008006b94                DMA1_Stream3_IRQHandler
 .text.HAL_Init
                0x0000000008006b96       0x1a ./Drivers/STM32F7xx_HAL_Driver/Src/stm32f7xx_hal.o
                0x0000000008006b96                HAL_Init
 .text.HAL_InitTick
                0x0000000008006bb0       0x60 ./Drivers/STM32F7xx_HAL_Driver/Src/stm32f7xx_hal.o
                0x0000000008006bb0                HAL_InitTick
 .text.HAL_IncTick
                0x0000000008006c10       0x28 ./Drivers/STM32F7xx_HAL_Driver/Src/stm32f7xx_hal.o
                0x0000000008006c10                HAL_IncTick
 .text.HAL_GetTick
                0x0000000008006c38       0x18 ./Drivers/STM32F7xx_HAL_Driver/Src/stm32f7xx_hal.o
                0x0000000008006c38                HAL_GetTick
 .text.HAL_Delay
                0x0000000008006c50       0x48 ./Drivers/STM32F7xx_HAL_Driver/Src/stm32f7xx_hal.o
                0x0000000008006c50                HAL_Delay
 .text.HAL_CAN_Init
                0x0000000008006c98      0x1f6 ./Drivers/STM32F7xx_HAL_Driver/Src/stm32f7xx_hal_can.o
                0x0000000008006c98                HAL_CAN_Init
 *fill*         0x0000000008006e8e        0x2 
 .text.__NVIC_SetPriorityGrouping
                0x0000000008006e90       0x48 ./Drivers/STM32F7xx_HAL_Driver/Src/stm32f7xx_hal_cortex.o
 .text.__NVIC_GetPriorityGrouping
                0x0000000008006ed8       0x1c ./Drivers/STM32F7xx_HAL_Driver/Src/stm32f7xx_hal_cortex.o
 .text.__NVIC_EnableIRQ
                0x0000000008006ef4       0x3c ./Drivers/STM32F7xx_HAL_Driver/Src/stm32f7xx_hal_cortex.o
 .text.__NVIC_SetPriority
                0x0000000008006f30       0x54 ./Drivers/STM32F7xx_HAL_Driver/Src/stm32f7xx_hal_cortex.o
 .text.NVIC_EncodePriority
                0x0000000008006f84       0x66 ./Drivers/STM32F7xx_HAL_Driver/Src/stm32f7xx_hal_cortex.o
 *fill*         0x0000000008006fea        0x2 
 .text.SysTick_Config
                0x0000000008006fec       0x44 ./Drivers/STM32F7xx_HAL_Driver/Src/stm32f7xx_hal_cortex.o
 .text.HAL_NVIC_SetPriorityGrouping
                0x0000000008007030       0x16 ./Drivers/STM32F7xx_HAL_Driver/Src/stm32f7xx_hal_cortex.o
                0x0000000008007030                HAL_NVIC_SetPriorityGrouping
 .text.HAL_NVIC_SetPriority
                0x0000000008007046       0x38 ./Drivers/STM32F7xx_HAL_Driver/Src/stm32f7xx_hal_cortex.o
                0x0000000008007046                HAL_NVIC_SetPriority
 .text.HAL_NVIC_EnableIRQ
                0x000000000800707e       0x1c ./Drivers/STM32F7xx_HAL_Driver/Src/stm32f7xx_hal_cortex.o
                0x000000000800707e                HAL_NVIC_EnableIRQ
 .text.HAL_SYSTICK_Config
                0x000000000800709a       0x18 ./Drivers/STM32F7xx_HAL_Driver/Src/stm32f7xx_hal_cortex.o
                0x000000000800709a                HAL_SYSTICK_Config
 .text.HAL_DMA_Start_IT
                0x00000000080070b2       0xc0 ./Drivers/STM32F7xx_HAL_Driver/Src/stm32f7xx_hal_dma.o
                0x00000000080070b2                HAL_DMA_Start_IT
 .text.DMA_SetConfig
                0x0000000008007172       0x5c ./Drivers/STM32F7xx_HAL_Driver/Src/stm32f7xx_hal_dma.o
 *fill*         0x00000000080071ce        0x2 
 .text.HAL_GPIO_Init
                0x00000000080071d0      0x358 ./Drivers/STM32F7xx_HAL_Driver/Src/stm32f7xx_hal_gpio.o
                0x00000000080071d0                HAL_GPIO_Init
 .text.HAL_GPIO_ReadPin
                0x0000000008007528       0x30 ./Drivers/STM32F7xx_HAL_Driver/Src/stm32f7xx_hal_gpio.o
                0x0000000008007528                HAL_GPIO_ReadPin
 .text.HAL_GPIO_WritePin
                0x0000000008007558       0x32 ./Drivers/STM32F7xx_HAL_Driver/Src/stm32f7xx_hal_gpio.o
                0x0000000008007558                HAL_GPIO_WritePin
 *fill*         0x000000000800758a        0x2 
 .text.HAL_I2C_Init
                0x000000000800758c      0x120 ./Drivers/STM32F7xx_HAL_Driver/Src/stm32f7xx_hal_i2c.o
                0x000000000800758c                HAL_I2C_Init
 .text.HAL_I2CEx_ConfigAnalogFilter
                0x00000000080076ac       0x96 ./Drivers/STM32F7xx_HAL_Driver/Src/stm32f7xx_hal_i2c_ex.o
                0x00000000080076ac                HAL_I2CEx_ConfigAnalogFilter
 .text.HAL_I2CEx_ConfigDigitalFilter
                0x0000000008007742       0x98 ./Drivers/STM32F7xx_HAL_Driver/Src/stm32f7xx_hal_i2c_ex.o
                0x0000000008007742                HAL_I2CEx_ConfigDigitalFilter
 *fill*         0x00000000080077da        0x2 
 .text.HAL_PWR_EnableBkUpAccess
                0x00000000080077dc       0x20 ./Drivers/STM32F7xx_HAL_Driver/Src/stm32f7xx_hal_pwr.o
                0x00000000080077dc                HAL_PWR_EnableBkUpAccess
 .text.HAL_PWREx_EnableOverDrive
                0x00000000080077fc       0xa0 ./Drivers/STM32F7xx_HAL_Driver/Src/stm32f7xx_hal_pwr_ex.o
                0x00000000080077fc                HAL_PWREx_EnableOverDrive
 .text.HAL_RCC_OscConfig
                0x000000000800789c      0x548 ./Drivers/STM32F7xx_HAL_Driver/Src/stm32f7xx_hal_rcc.o
                0x000000000800789c                HAL_RCC_OscConfig
 .text.HAL_RCC_ClockConfig
                0x0000000008007de4      0x1d8 ./Drivers/STM32F7xx_HAL_Driver/Src/stm32f7xx_hal_rcc.o
                0x0000000008007de4                HAL_RCC_ClockConfig
 .text.HAL_RCC_GetSysClockFreq
                0x0000000008007fbc      0x20c ./Drivers/STM32F7xx_HAL_Driver/Src/stm32f7xx_hal_rcc.o
                0x0000000008007fbc                HAL_RCC_GetSysClockFreq
 .text.HAL_RCC_GetHCLKFreq
                0x00000000080081c8       0x18 ./Drivers/STM32F7xx_HAL_Driver/Src/stm32f7xx_hal_rcc.o
                0x00000000080081c8                HAL_RCC_GetHCLKFreq
 .text.HAL_RCC_GetPCLK1Freq
                0x00000000080081e0       0x28 ./Drivers/STM32F7xx_HAL_Driver/Src/stm32f7xx_hal_rcc.o
                0x00000000080081e0                HAL_RCC_GetPCLK1Freq
 .text.HAL_RCC_GetPCLK2Freq
                0x0000000008008208       0x28 ./Drivers/STM32F7xx_HAL_Driver/Src/stm32f7xx_hal_rcc.o
                0x0000000008008208                HAL_RCC_GetPCLK2Freq
 .text.HAL_RCCEx_PeriphCLKConfig
                0x0000000008008230      0x7e0 ./Drivers/STM32F7xx_HAL_Driver/Src/stm32f7xx_hal_rcc_ex.o
                0x0000000008008230                HAL_RCCEx_PeriphCLKConfig
 .text.HAL_SPI_Init
                0x0000000008008a10      0x156 ./Drivers/STM32F7xx_HAL_Driver/Src/stm32f7xx_hal_spi.o
                0x0000000008008a10                HAL_SPI_Init
 .text.HAL_SPI_TransmitReceive
                0x0000000008008b66      0x426 ./Drivers/STM32F7xx_HAL_Driver/Src/stm32f7xx_hal_spi.o
                0x0000000008008b66                HAL_SPI_TransmitReceive
 .text.SPI_WaitFlagStateUntilTimeout
                0x0000000008008f8c      0x110 ./Drivers/STM32F7xx_HAL_Driver/Src/stm32f7xx_hal_spi.o
 .text.SPI_WaitFifoStateUntilTimeout
                0x000000000800909c      0x12c ./Drivers/STM32F7xx_HAL_Driver/Src/stm32f7xx_hal_spi.o
 .text.SPI_EndRxTxTransaction
                0x00000000080091c8       0xd4 ./Drivers/STM32F7xx_HAL_Driver/Src/stm32f7xx_hal_spi.o
 .text.HAL_TIM_Base_Init
                0x000000000800929c       0xae ./Drivers/STM32F7xx_HAL_Driver/Src/stm32f7xx_hal_tim.o
                0x000000000800929c                HAL_TIM_Base_Init
 .text.HAL_TIM_PWM_Init
                0x000000000800934a       0xae ./Drivers/STM32F7xx_HAL_Driver/Src/stm32f7xx_hal_tim.o
                0x000000000800934a                HAL_TIM_PWM_Init
 .text.HAL_TIM_PWM_Start
                0x00000000080093f8      0x1f4 ./Drivers/STM32F7xx_HAL_Driver/Src/stm32f7xx_hal_tim.o
                0x00000000080093f8                HAL_TIM_PWM_Start
 .text.HAL_TIM_IC_Init
                0x00000000080095ec       0xae ./Drivers/STM32F7xx_HAL_Driver/Src/stm32f7xx_hal_tim.o
                0x00000000080095ec                HAL_TIM_IC_Init
 .text.HAL_TIM_IC_MspInit
                0x000000000800969a       0x14 ./Drivers/STM32F7xx_HAL_Driver/Src/stm32f7xx_hal_tim.o
                0x000000000800969a                HAL_TIM_IC_MspInit
 *fill*         0x00000000080096ae        0x2 
 .text.HAL_TIM_IC_Start_IT
                0x00000000080096b0      0x2a0 ./Drivers/STM32F7xx_HAL_Driver/Src/stm32f7xx_hal_tim.o
                0x00000000080096b0                HAL_TIM_IC_Start_IT
 .text.HAL_TIM_IC_Stop_IT
                0x0000000008009950      0x17c ./Drivers/STM32F7xx_HAL_Driver/Src/stm32f7xx_hal_tim.o
                0x0000000008009950                HAL_TIM_IC_Stop_IT
 .text.HAL_TIM_Encoder_Init
                0x0000000008009acc      0x14c ./Drivers/STM32F7xx_HAL_Driver/Src/stm32f7xx_hal_tim.o
                0x0000000008009acc                HAL_TIM_Encoder_Init
 .text.HAL_TIM_Encoder_Start
                0x0000000008009c18      0x11c ./Drivers/STM32F7xx_HAL_Driver/Src/stm32f7xx_hal_tim.o
                0x0000000008009c18                HAL_TIM_Encoder_Start
 .text.HAL_TIM_IRQHandler
                0x0000000008009d34      0x23e ./Drivers/STM32F7xx_HAL_Driver/Src/stm32f7xx_hal_tim.o
                0x0000000008009d34                HAL_TIM_IRQHandler
 .text.HAL_TIM_IC_ConfigChannel
                0x0000000008009f72      0x138 ./Drivers/STM32F7xx_HAL_Driver/Src/stm32f7xx_hal_tim.o
                0x0000000008009f72                HAL_TIM_IC_ConfigChannel
 *fill*         0x000000000800a0aa        0x2 
 .text.HAL_TIM_PWM_ConfigChannel
                0x000000000800a0ac      0x228 ./Drivers/STM32F7xx_HAL_Driver/Src/stm32f7xx_hal_tim.o
                0x000000000800a0ac                HAL_TIM_PWM_ConfigChannel
 .text.HAL_TIM_ReadCapturedValue
                0x000000000800a2d4       0x88 ./Drivers/STM32F7xx_HAL_Driver/Src/stm32f7xx_hal_tim.o
                0x000000000800a2d4                HAL_TIM_ReadCapturedValue
 .text.HAL_TIM_PeriodElapsedCallback
                0x000000000800a35c       0x14 ./Drivers/STM32F7xx_HAL_Driver/Src/stm32f7xx_hal_tim.o
                0x000000000800a35c                HAL_TIM_PeriodElapsedCallback
 .text.HAL_TIM_OC_DelayElapsedCallback
                0x000000000800a370       0x14 ./Drivers/STM32F7xx_HAL_Driver/Src/stm32f7xx_hal_tim.o
                0x000000000800a370                HAL_TIM_OC_DelayElapsedCallback
 .text.HAL_TIM_PWM_PulseFinishedCallback
                0x000000000800a384       0x14 ./Drivers/STM32F7xx_HAL_Driver/Src/stm32f7xx_hal_tim.o
                0x000000000800a384                HAL_TIM_PWM_PulseFinishedCallback
 .text.HAL_TIM_TriggerCallback
                0x000000000800a398       0x14 ./Drivers/STM32F7xx_HAL_Driver/Src/stm32f7xx_hal_tim.o
                0x000000000800a398                HAL_TIM_TriggerCallback
 .text.TIM_Base_SetConfig
                0x000000000800a3ac      0x140 ./Drivers/STM32F7xx_HAL_Driver/Src/stm32f7xx_hal_tim.o
                0x000000000800a3ac                TIM_Base_SetConfig
 .text.TIM_OC1_SetConfig
                0x000000000800a4ec       0xe4 ./Drivers/STM32F7xx_HAL_Driver/Src/stm32f7xx_hal_tim.o
 .text.TIM_OC2_SetConfig
                0x000000000800a5d0       0xf0 ./Drivers/STM32F7xx_HAL_Driver/Src/stm32f7xx_hal_tim.o
                0x000000000800a5d0                TIM_OC2_SetConfig
 .text.TIM_OC3_SetConfig
                0x000000000800a6c0       0xec ./Drivers/STM32F7xx_HAL_Driver/Src/stm32f7xx_hal_tim.o
 .text.TIM_OC4_SetConfig
                0x000000000800a7ac       0xb0 ./Drivers/STM32F7xx_HAL_Driver/Src/stm32f7xx_hal_tim.o
 .text.TIM_OC5_SetConfig
                0x000000000800a85c       0xa4 ./Drivers/STM32F7xx_HAL_Driver/Src/stm32f7xx_hal_tim.o
 .text.TIM_OC6_SetConfig
                0x000000000800a900       0xa8 ./Drivers/STM32F7xx_HAL_Driver/Src/stm32f7xx_hal_tim.o
 .text.TIM_TI1_SetConfig
                0x000000000800a9a8       0xe8 ./Drivers/STM32F7xx_HAL_Driver/Src/stm32f7xx_hal_tim.o
                0x000000000800a9a8                TIM_TI1_SetConfig
 .text.TIM_TI2_SetConfig
                0x000000000800aa90       0x7a ./Drivers/STM32F7xx_HAL_Driver/Src/stm32f7xx_hal_tim.o
 .text.TIM_TI3_SetConfig
                0x000000000800ab0a       0x78 ./Drivers/STM32F7xx_HAL_Driver/Src/stm32f7xx_hal_tim.o
 .text.TIM_TI4_SetConfig
                0x000000000800ab82       0x7a ./Drivers/STM32F7xx_HAL_Driver/Src/stm32f7xx_hal_tim.o
 .text.TIM_CCxChannelCmd
                0x000000000800abfc       0x4a ./Drivers/STM32F7xx_HAL_Driver/Src/stm32f7xx_hal_tim.o
                0x000000000800abfc                TIM_CCxChannelCmd
 *fill*         0x000000000800ac46        0x2 
 .text.HAL_TIMEx_MasterConfigSynchronization
                0x000000000800ac48      0x11c ./Drivers/STM32F7xx_HAL_Driver/Src/stm32f7xx_hal_tim_ex.o
                0x000000000800ac48                HAL_TIMEx_MasterConfigSynchronization
 .text.HAL_TIMEx_CommutCallback
                0x000000000800ad64       0x14 ./Drivers/STM32F7xx_HAL_Driver/Src/stm32f7xx_hal_tim_ex.o
                0x000000000800ad64                HAL_TIMEx_CommutCallback
 .text.HAL_TIMEx_BreakCallback
                0x000000000800ad78       0x14 ./Drivers/STM32F7xx_HAL_Driver/Src/stm32f7xx_hal_tim_ex.o
                0x000000000800ad78                HAL_TIMEx_BreakCallback
 .text.HAL_TIMEx_Break2Callback
                0x000000000800ad8c       0x14 ./Drivers/STM32F7xx_HAL_Driver/Src/stm32f7xx_hal_tim_ex.o
                0x000000000800ad8c                HAL_TIMEx_Break2Callback
 .text.HAL_UART_Init
                0x000000000800ada0       0x9c ./Drivers/STM32F7xx_HAL_Driver/Src/stm32f7xx_hal_uart.o
                0x000000000800ada0                HAL_UART_Init
 .text.HAL_UART_Transmit_DMA
                0x000000000800ae3c       0xf8 ./Drivers/STM32F7xx_HAL_Driver/Src/stm32f7xx_hal_uart.o
                0x000000000800ae3c                HAL_UART_Transmit_DMA
 .text.HAL_UART_Receive_DMA
                0x000000000800af34       0x88 ./Drivers/STM32F7xx_HAL_Driver/Src/stm32f7xx_hal_uart.o
                0x000000000800af34                HAL_UART_Receive_DMA
 .text.HAL_UART_TxHalfCpltCallback
                0x000000000800afbc       0x14 ./Drivers/STM32F7xx_HAL_Driver/Src/stm32f7xx_hal_uart.o
                0x000000000800afbc                HAL_UART_TxHalfCpltCallback
 .text.HAL_UART_RxHalfCpltCallback
                0x000000000800afd0       0x14 ./Drivers/STM32F7xx_HAL_Driver/Src/stm32f7xx_hal_uart.o
                0x000000000800afd0                HAL_UART_RxHalfCpltCallback
 .text.HAL_UART_ErrorCallback
                0x000000000800afe4       0x14 ./Drivers/STM32F7xx_HAL_Driver/Src/stm32f7xx_hal_uart.o
                0x000000000800afe4                HAL_UART_ErrorCallback
 .text.HAL_UARTEx_RxEventCallback
                0x000000000800aff8       0x18 ./Drivers/STM32F7xx_HAL_Driver/Src/stm32f7xx_hal_uart.o
                0x000000000800aff8                HAL_UARTEx_RxEventCallback
 .text.UART_SetConfig
                0x000000000800b010      0x4c8 ./Drivers/STM32F7xx_HAL_Driver/Src/stm32f7xx_hal_uart.o
                0x000000000800b010                UART_SetConfig
 .text.UART_AdvFeatureConfig
                0x000000000800b4d8      0x144 ./Drivers/STM32F7xx_HAL_Driver/Src/stm32f7xx_hal_uart.o
                0x000000000800b4d8                UART_AdvFeatureConfig
 .text.UART_CheckIdleState
                0x000000000800b61c       0x6e ./Drivers/STM32F7xx_HAL_Driver/Src/stm32f7xx_hal_uart.o
                0x000000000800b61c                UART_CheckIdleState
 .text.UART_WaitOnFlagUntilTimeout
                0x000000000800b68a      0x18c ./Drivers/STM32F7xx_HAL_Driver/Src/stm32f7xx_hal_uart.o
                0x000000000800b68a                UART_WaitOnFlagUntilTimeout
 *fill*         0x000000000800b816        0x2 
 .text.UART_Start_Receive_DMA
                0x000000000800b818      0x140 ./Drivers/STM32F7xx_HAL_Driver/Src/stm32f7xx_hal_uart.o
                0x000000000800b818                UART_Start_Receive_DMA
 .text.UART_EndTxTransfer
                0x000000000800b958       0x4c ./Drivers/STM32F7xx_HAL_Driver/Src/stm32f7xx_hal_uart.o
 .text.UART_EndRxTransfer
                0x000000000800b9a4       0xc8 ./Drivers/STM32F7xx_HAL_Driver/Src/stm32f7xx_hal_uart.o
 .text.UART_DMATransmitCplt
                0x000000000800ba6c       0x96 ./Drivers/STM32F7xx_HAL_Driver/Src/stm32f7xx_hal_uart.o
 .text.UART_DMATxHalfCplt
                0x000000000800bb02       0x1c ./Drivers/STM32F7xx_HAL_Driver/Src/stm32f7xx_hal_uart.o
 .text.UART_DMAReceiveCplt
                0x000000000800bb1e      0x128 ./Drivers/STM32F7xx_HAL_Driver/Src/stm32f7xx_hal_uart.o
 .text.UART_DMARxHalfCplt
                0x000000000800bc46       0x3e ./Drivers/STM32F7xx_HAL_Driver/Src/stm32f7xx_hal_uart.o
 .text.UART_DMAError
                0x000000000800bc84       0x7e ./Drivers/STM32F7xx_HAL_Driver/Src/stm32f7xx_hal_uart.o
 .text.makeFreeRtosPriority
                0x000000000800bd02       0x30 ./Middlewares/Third_Party/FreeRTOS/Source/CMSIS_RTOS/cmsis_os.o
 .text.osKernelStart
                0x000000000800bd32        0xe ./Middlewares/Third_Party/FreeRTOS/Source/CMSIS_RTOS/cmsis_os.o
                0x000000000800bd32                osKernelStart
 .text.osThreadCreate
                0x000000000800bd40       0x98 ./Middlewares/Third_Party/FreeRTOS/Source/CMSIS_RTOS/cmsis_os.o
                0x000000000800bd40                osThreadCreate
 .text.osDelay  0x000000000800bdd8       0x28 ./Middlewares/Third_Party/FreeRTOS/Source/CMSIS_RTOS/cmsis_os.o
                0x000000000800bdd8                osDelay
 .text.vListInitialise
                0x000000000800be00       0x40 ./Middlewares/Third_Party/FreeRTOS/Source/list.o
                0x000000000800be00                vListInitialise
 .text.vListInitialiseItem
                0x000000000800be40       0x1a ./Middlewares/Third_Party/FreeRTOS/Source/list.o
                0x000000000800be40                vListInitialiseItem
 .text.vListInsertEnd
                0x000000000800be5a       0x48 ./Middlewares/Third_Party/FreeRTOS/Source/list.o
                0x000000000800be5a                vListInsertEnd
 .text.vListInsert
                0x000000000800bea2       0x72 ./Middlewares/Third_Party/FreeRTOS/Source/list.o
                0x000000000800bea2                vListInsert
 .text.uxListRemove
                0x000000000800bf14       0x54 ./Middlewares/Third_Party/FreeRTOS/Source/list.o
                0x000000000800bf14                uxListRemove
 .text.xTaskCreateStatic
                0x000000000800bf68       0xc6 ./Middlewares/Third_Party/FreeRTOS/Source/tasks.o
                0x000000000800bf68                xTaskCreateStatic
 .text.xTaskCreate
                0x000000000800c02e       0x8a ./Middlewares/Third_Party/FreeRTOS/Source/tasks.o
                0x000000000800c02e                xTaskCreate
 .text.prvInitialiseNewTask
                0x000000000800c0b8      0x112 ./Middlewares/Third_Party/FreeRTOS/Source/tasks.o
 *fill*         0x000000000800c1ca        0x2 
 .text.prvAddNewTaskToReadyList
                0x000000000800c1cc       0xd4 ./Middlewares/Third_Party/FreeRTOS/Source/tasks.o
 .text.vTaskDelay
                0x000000000800c2a0       0x6c ./Middlewares/Third_Party/FreeRTOS/Source/tasks.o
                0x000000000800c2a0                vTaskDelay
 .text.vTaskStartScheduler
                0x000000000800c30c       0xc8 ./Middlewares/Third_Party/FreeRTOS/Source/tasks.o
                0x000000000800c30c                vTaskStartScheduler
 .text.vTaskSuspendAll
                0x000000000800c3d4       0x1c ./Middlewares/Third_Party/FreeRTOS/Source/tasks.o
                0x000000000800c3d4                vTaskSuspendAll
 .text.xTaskResumeAll
                0x000000000800c3f0      0x13c ./Middlewares/Third_Party/FreeRTOS/Source/tasks.o
                0x000000000800c3f0                xTaskResumeAll
 .text.xTaskIncrementTick
                0x000000000800c52c      0x174 ./Middlewares/Third_Party/FreeRTOS/Source/tasks.o
                0x000000000800c52c                xTaskIncrementTick
 .text.vTaskSwitchContext
                0x000000000800c6a0       0xbc ./Middlewares/Third_Party/FreeRTOS/Source/tasks.o
                0x000000000800c6a0                vTaskSwitchContext
 .text.prvIdleTask
                0x000000000800c75c       0x30 ./Middlewares/Third_Party/FreeRTOS/Source/tasks.o
 .text.prvInitialiseTaskLists
                0x000000000800c78c       0x80 ./Middlewares/Third_Party/FreeRTOS/Source/tasks.o
 .text.prvCheckTasksWaitingTermination
                0x000000000800c80c       0x5c ./Middlewares/Third_Party/FreeRTOS/Source/tasks.o
 .text.prvDeleteTCB
                0x000000000800c868       0x62 ./Middlewares/Third_Party/FreeRTOS/Source/tasks.o
 *fill*         0x000000000800c8ca        0x2 
 .text.prvResetNextTaskUnblockTime
                0x000000000800c8cc       0x40 ./Middlewares/Third_Party/FreeRTOS/Source/tasks.o
 .text.xTaskGetSchedulerState
                0x000000000800c90c       0x3c ./Middlewares/Third_Party/FreeRTOS/Source/tasks.o
                0x000000000800c90c                xTaskGetSchedulerState
 .text.prvAddCurrentTaskToDelayedList
                0x000000000800c948       0xcc ./Middlewares/Third_Party/FreeRTOS/Source/tasks.o
 .text.pxPortInitialiseStack
                0x000000000800ca14       0x68 ./Middlewares/Third_Party/FreeRTOS/Source/portable/GCC/ARM_CM7/r0p1/port.o
                0x000000000800ca14                pxPortInitialiseStack
 .text.prvTaskExitError
                0x000000000800ca7c       0x60 ./Middlewares/Third_Party/FreeRTOS/Source/portable/GCC/ARM_CM7/r0p1/port.o
 *fill*         0x000000000800cadc        0x4 
 .text.SVC_Handler
                0x000000000800cae0       0x28 ./Middlewares/Third_Party/FreeRTOS/Source/portable/GCC/ARM_CM7/r0p1/port.o
                0x000000000800cae0                SVC_Handler
 .text.prvPortStartFirstTask
                0x000000000800cb08       0x28 ./Middlewares/Third_Party/FreeRTOS/Source/portable/GCC/ARM_CM7/r0p1/port.o
 .text.xPortStartScheduler
                0x000000000800cb30       0xfc ./Middlewares/Third_Party/FreeRTOS/Source/portable/GCC/ARM_CM7/r0p1/port.o
                0x000000000800cb30                xPortStartScheduler
 .text.vPortEnterCritical
                0x000000000800cc2c       0x68 ./Middlewares/Third_Party/FreeRTOS/Source/portable/GCC/ARM_CM7/r0p1/port.o
                0x000000000800cc2c                vPortEnterCritical
 .text.vPortExitCritical
                0x000000000800cc94       0x58 ./Middlewares/Third_Party/FreeRTOS/Source/portable/GCC/ARM_CM7/r0p1/port.o
                0x000000000800cc94                vPortExitCritical
 *fill*         0x000000000800ccec        0x4 
 .text.PendSV_Handler
                0x000000000800ccf0       0x68 ./Middlewares/Third_Party/FreeRTOS/Source/portable/GCC/ARM_CM7/r0p1/port.o
                0x000000000800ccf0                PendSV_Handler
 .text.xPortSysTickHandler
                0x000000000800cd58       0x48 ./Middlewares/Third_Party/FreeRTOS/Source/portable/GCC/ARM_CM7/r0p1/port.o
                0x000000000800cd58                xPortSysTickHandler
 .text.vPortSetupTimerInterrupt
                0x000000000800cda0       0x48 ./Middlewares/Third_Party/FreeRTOS/Source/portable/GCC/ARM_CM7/r0p1/port.o
                0x000000000800cda0                vPortSetupTimerInterrupt
 .text.vPortEnableVFP
                0x000000000800cde8       0x14 ./Middlewares/Third_Party/FreeRTOS/Source/portable/GCC/ARM_CM7/r0p1/port.o
 .text.pvPortMalloc
                0x000000000800cdfc      0x194 ./Middlewares/Third_Party/FreeRTOS/Source/portable/MemMang/heap_4.o
                0x000000000800cdfc                pvPortMalloc
 .text.vPortFree
                0x000000000800cf90       0xbc ./Middlewares/Third_Party/FreeRTOS/Source/portable/MemMang/heap_4.o
                0x000000000800cf90                vPortFree
 .text.prvHeapInit
                0x000000000800d04c       0xc4 ./Middlewares/Third_Party/FreeRTOS/Source/portable/MemMang/heap_4.o
 .text.prvInsertBlockIntoFreeList
                0x000000000800d110       0xb4 ./Middlewares/Third_Party/FreeRTOS/Source/portable/MemMang/heap_4.o
 .text.atan2    0x000000000800d1c4        0x4 C:/ST/STM32CubeIDE_1.14.0/STM32CubeIDE/plugins/com.st.stm32cube.ide.mcu.externaltools.gnu-tools-for-stm32.11.3.rel1.win32_1.1.100.202309141235/tools/bin/../lib/gcc/arm-none-eabi/11.3.1/../../../../arm-none-eabi/lib/thumb/v7e-m+fp/hard\libm.a(libm_a-w_atan2.o)
                0x000000000800d1c4                atan2
 .text.sqrt     0x000000000800d1c8       0x58 C:/ST/STM32CubeIDE_1.14.0/STM32CubeIDE/plugins/com.st.stm32cube.ide.mcu.externaltools.gnu-tools-for-stm32.11.3.rel1.win32_1.1.100.202309141235/tools/bin/../lib/gcc/arm-none-eabi/11.3.1/../../../../arm-none-eabi/lib/thumb/v7e-m+fp/hard\libm.a(libm_a-w_sqrt.o)
                0x000000000800d1c8                sqrt
 .text.cos      0x000000000800d220       0xa8 C:/ST/STM32CubeIDE_1.14.0/STM32CubeIDE/plugins/com.st.stm32cube.ide.mcu.externaltools.gnu-tools-for-stm32.11.3.rel1.win32_1.1.100.202309141235/tools/bin/../lib/gcc/arm-none-eabi/11.3.1/../../../../arm-none-eabi/lib/thumb/v7e-m+fp/hard\libm.a(libm_a-s_cos.o)
                0x000000000800d220                cos
 .text.sin      0x000000000800d2c8       0xb0 C:/ST/STM32CubeIDE_1.14.0/STM32CubeIDE/plugins/com.st.stm32cube.ide.mcu.externaltools.gnu-tools-for-stm32.11.3.rel1.win32_1.1.100.202309141235/tools/bin/../lib/gcc/arm-none-eabi/11.3.1/../../../../arm-none-eabi/lib/thumb/v7e-m+fp/hard\libm.a(libm_a-s_sin.o)
                0x000000000800d2c8                sin
 .text.__ieee754_sqrt
                0x000000000800d378      0x1b4 C:/ST/STM32CubeIDE_1.14.0/STM32CubeIDE/plugins/com.st.stm32cube.ide.mcu.externaltools.gnu-tools-for-stm32.11.3.rel1.win32_1.1.100.202309141235/tools/bin/../lib/gcc/arm-none-eabi/11.3.1/../../../../arm-none-eabi/lib/thumb/v7e-m+fp/hard\libm.a(libm_a-e_sqrt.o)
                0x000000000800d378                __ieee754_sqrt
 *fill*         0x000000000800d52c        0x4 
 .text.__kernel_cos
                0x000000000800d530      0x18c C:/ST/STM32CubeIDE_1.14.0/STM32CubeIDE/plugins/com.st.stm32cube.ide.mcu.externaltools.gnu-tools-for-stm32.11.3.rel1.win32_1.1.100.202309141235/tools/bin/../lib/gcc/arm-none-eabi/11.3.1/../../../../arm-none-eabi/lib/thumb/v7e-m+fp/hard\libm.a(libm_a-k_cos.o)
                0x000000000800d530                __kernel_cos
 *fill*         0x000000000800d6bc        0x4 
 .text.__kernel_sin
                0x000000000800d6c0      0x17c C:/ST/STM32CubeIDE_1.14.0/STM32CubeIDE/plugins/com.st.stm32cube.ide.mcu.externaltools.gnu-tools-for-stm32.11.3.rel1.win32_1.1.100.202309141235/tools/bin/../lib/gcc/arm-none-eabi/11.3.1/../../../../arm-none-eabi/lib/thumb/v7e-m+fp/hard\libm.a(libm_a-k_sin.o)
                0x000000000800d6c0                __kernel_sin
 *fill*         0x000000000800d83c        0x4 
 .text.__ieee754_atan2
                0x000000000800d840      0x18c C:/ST/STM32CubeIDE_1.14.0/STM32CubeIDE/plugins/com.st.stm32cube.ide.mcu.externaltools.gnu-tools-for-stm32.11.3.rel1.win32_1.1.100.202309141235/tools/bin/../lib/gcc/arm-none-eabi/11.3.1/../../../../arm-none-eabi/lib/thumb/v7e-m+fp/hard\libm.a(libm_a-e_atan2.o)
                0x000000000800d840                __ieee754_atan2
 *fill*         0x000000000800d9cc        0x4 
 .text.__ieee754_rem_pio2
                0x000000000800d9d0      0x40c C:/ST/STM32CubeIDE_1.14.0/STM32CubeIDE/plugins/com.st.stm32cube.ide.mcu.externaltools.gnu-tools-for-stm32.11.3.rel1.win32_1.1.100.202309141235/tools/bin/../lib/gcc/arm-none-eabi/11.3.1/../../../../arm-none-eabi/lib/thumb/v7e-m+fp/hard\libm.a(libm_a-e_rem_pio2.o)
                0x000000000800d9d0                __ieee754_rem_pio2
 *fill*         0x000000000800dddc        0x4 
 .text.atan     0x000000000800dde0      0x340 C:/ST/STM32CubeIDE_1.14.0/STM32CubeIDE/plugins/com.st.stm32cube.ide.mcu.externaltools.gnu-tools-for-stm32.11.3.rel1.win32_1.1.100.202309141235/tools/bin/../lib/gcc/arm-none-eabi/11.3.1/../../../../arm-none-eabi/lib/thumb/v7e-m+fp/hard\libm.a(libm_a-s_atan.o)
                0x000000000800dde0                atan
 .text.fabs     0x000000000800e120       0x12 C:/ST/STM32CubeIDE_1.14.0/STM32CubeIDE/plugins/com.st.stm32cube.ide.mcu.externaltools.gnu-tools-for-stm32.11.3.rel1.win32_1.1.100.202309141235/tools/bin/../lib/gcc/arm-none-eabi/11.3.1/../../../../arm-none-eabi/lib/thumb/v7e-m+fp/hard\libm.a(libm_a-s_fabs.o)
                0x000000000800e120                fabs
 *fill*         0x000000000800e132        0x6 
 .text.__kernel_rem_pio2
                0x000000000800e138      0x69c C:/ST/STM32CubeIDE_1.14.0/STM32CubeIDE/plugins/com.st.stm32cube.ide.mcu.externaltools.gnu-tools-for-stm32.11.3.rel1.win32_1.1.100.202309141235/tools/bin/../lib/gcc/arm-none-eabi/11.3.1/../../../../arm-none-eabi/lib/thumb/v7e-m+fp/hard\libm.a(libm_a-k_rem_pio2.o)
                0x000000000800e138                __kernel_rem_pio2
 *fill*         0x000000000800e7d4        0x4 
 .text.scalbn   0x000000000800e7d8       0xfc C:/ST/STM32CubeIDE_1.14.0/STM32CubeIDE/plugins/com.st.stm32cube.ide.mcu.externaltools.gnu-tools-for-stm32.11.3.rel1.win32_1.1.100.202309141235/tools/bin/../lib/gcc/arm-none-eabi/11.3.1/../../../../arm-none-eabi/lib/thumb/v7e-m+fp/hard\libm.a(libm_a-s_scalbn.o)
                0x000000000800e7d8                scalbn
 *fill*         0x000000000800e8d4        0x4 
 .text.floor    0x000000000800e8d8      0x100 C:/ST/STM32CubeIDE_1.14.0/STM32CubeIDE/plugins/com.st.stm32cube.ide.mcu.externaltools.gnu-tools-for-stm32.11.3.rel1.win32_1.1.100.202309141235/tools/bin/../lib/gcc/arm-none-eabi/11.3.1/../../../../arm-none-eabi/lib/thumb/v7e-m+fp/hard\libm.a(libm_a-s_floor.o)
                0x000000000800e8d8                floor
 .text.realloc  0x000000000800e9d8       0x10 C:/ST/STM32CubeIDE_1.14.0/STM32CubeIDE/plugins/com.st.stm32cube.ide.mcu.externaltools.gnu-tools-for-stm32.11.3.rel1.win32_1.1.100.202309141235/tools/bin/../lib/gcc/arm-none-eabi/11.3.1/../../../../arm-none-eabi/lib/thumb/v7e-m+fp/hard\libc_nano.a(libc_a-realloc.o)
                0x000000000800e9d8                realloc
 .text._realloc_r
                0x000000000800e9e8       0x5e C:/ST/STM32CubeIDE_1.14.0/STM32CubeIDE/plugins/com.st.stm32cube.ide.mcu.externaltools.gnu-tools-for-stm32.11.3.rel1.win32_1.1.100.202309141235/tools/bin/../lib/gcc/arm-none-eabi/11.3.1/../../../../arm-none-eabi/lib/thumb/v7e-m+fp/hard\libc_nano.a(libc_a-reallocr.o)
                0x000000000800e9e8                _realloc_r
 .text.memset   0x000000000800ea46       0x10 C:/ST/STM32CubeIDE_1.14.0/STM32CubeIDE/plugins/com.st.stm32cube.ide.mcu.externaltools.gnu-tools-for-stm32.11.3.rel1.win32_1.1.100.202309141235/tools/bin/../lib/gcc/arm-none-eabi/11.3.1/../../../../arm-none-eabi/lib/thumb/v7e-m+fp/hard\libc_nano.a(libc_a-memset.o)
                0x000000000800ea46                memset
 *fill*         0x000000000800ea56        0x2 
 .text.__errno  0x000000000800ea58        0xc C:/ST/STM32CubeIDE_1.14.0/STM32CubeIDE/plugins/com.st.stm32cube.ide.mcu.externaltools.gnu-tools-for-stm32.11.3.rel1.win32_1.1.100.202309141235/tools/bin/../lib/gcc/arm-none-eabi/11.3.1/../../../../arm-none-eabi/lib/thumb/v7e-m+fp/hard\libc_nano.a(libc_a-errno.o)
                0x000000000800ea58                __errno
 .text.__libc_init_array
                0x000000000800ea64       0x48 C:/ST/STM32CubeIDE_1.14.0/STM32CubeIDE/plugins/com.st.stm32cube.ide.mcu.externaltools.gnu-tools-for-stm32.11.3.rel1.win32_1.1.100.202309141235/tools/bin/../lib/gcc/arm-none-eabi/11.3.1/../../../../arm-none-eabi/lib/thumb/v7e-m+fp/hard\libc_nano.a(libc_a-init.o)
                0x000000000800ea64                __libc_init_array
 .text.__retarget_lock_acquire_recursive
                0x000000000800eaac        0x2 C:/ST/STM32CubeIDE_1.14.0/STM32CubeIDE/plugins/com.st.stm32cube.ide.mcu.externaltools.gnu-tools-for-stm32.11.3.rel1.win32_1.1.100.202309141235/tools/bin/../lib/gcc/arm-none-eabi/11.3.1/../../../../arm-none-eabi/lib/thumb/v7e-m+fp/hard\libc_nano.a(libc_a-lock.o)
                0x000000000800eaac                __retarget_lock_acquire_recursive
 .text.__retarget_lock_release_recursive
                0x000000000800eaae        0x2 C:/ST/STM32CubeIDE_1.14.0/STM32CubeIDE/plugins/com.st.stm32cube.ide.mcu.externaltools.gnu-tools-for-stm32.11.3.rel1.win32_1.1.100.202309141235/tools/bin/../lib/gcc/arm-none-eabi/11.3.1/../../../../arm-none-eabi/lib/thumb/v7e-m+fp/hard\libc_nano.a(libc_a-lock.o)
                0x000000000800eaae                __retarget_lock_release_recursive
 .text.memcpy   0x000000000800eab0       0x1c C:/ST/STM32CubeIDE_1.14.0/STM32CubeIDE/plugins/com.st.stm32cube.ide.mcu.externaltools.gnu-tools-for-stm32.11.3.rel1.win32_1.1.100.202309141235/tools/bin/../lib/gcc/arm-none-eabi/11.3.1/../../../../arm-none-eabi/lib/thumb/v7e-m+fp/hard\libc_nano.a(libc_a-memcpy-stub.o)
                0x000000000800eab0                memcpy
 .text._free_r  0x000000000800eacc       0x98 C:/ST/STM32CubeIDE_1.14.0/STM32CubeIDE/plugins/com.st.stm32cube.ide.mcu.externaltools.gnu-tools-for-stm32.11.3.rel1.win32_1.1.100.202309141235/tools/bin/../lib/gcc/arm-none-eabi/11.3.1/../../../../arm-none-eabi/lib/thumb/v7e-m+fp/hard\libc_nano.a(libc_a-freer.o)
                0x000000000800eacc                _free_r
 .text.sbrk_aligned
                0x000000000800eb64       0x40 C:/ST/STM32CubeIDE_1.14.0/STM32CubeIDE/plugins/com.st.stm32cube.ide.mcu.externaltools.gnu-tools-for-stm32.11.3.rel1.win32_1.1.100.202309141235/tools/bin/../lib/gcc/arm-none-eabi/11.3.1/../../../../arm-none-eabi/lib/thumb/v7e-m+fp/hard\libc_nano.a(libc_a-mallocr.o)
 .text._malloc_r
                0x000000000800eba4      0x100 C:/ST/STM32CubeIDE_1.14.0/STM32CubeIDE/plugins/com.st.stm32cube.ide.mcu.externaltools.gnu-tools-for-stm32.11.3.rel1.win32_1.1.100.202309141235/tools/bin/../lib/gcc/arm-none-eabi/11.3.1/../../../../arm-none-eabi/lib/thumb/v7e-m+fp/hard\libc_nano.a(libc_a-mallocr.o)
                0x000000000800eba4                _malloc_r
 .text.__malloc_lock
                0x000000000800eca4        0xc C:/ST/STM32CubeIDE_1.14.0/STM32CubeIDE/plugins/com.st.stm32cube.ide.mcu.externaltools.gnu-tools-for-stm32.11.3.rel1.win32_1.1.100.202309141235/tools/bin/../lib/gcc/arm-none-eabi/11.3.1/../../../../arm-none-eabi/lib/thumb/v7e-m+fp/hard\libc_nano.a(libc_a-mlock.o)
                0x000000000800eca4                __malloc_lock
 .text.__malloc_unlock
                0x000000000800ecb0        0xc C:/ST/STM32CubeIDE_1.14.0/STM32CubeIDE/plugins/com.st.stm32cube.ide.mcu.externaltools.gnu-tools-for-stm32.11.3.rel1.win32_1.1.100.202309141235/tools/bin/../lib/gcc/arm-none-eabi/11.3.1/../../../../arm-none-eabi/lib/thumb/v7e-m+fp/hard\libc_nano.a(libc_a-mlock.o)
                0x000000000800ecb0                __malloc_unlock
 .text._malloc_usable_size_r
                0x000000000800ecbc       0x10 C:/ST/STM32CubeIDE_1.14.0/STM32CubeIDE/plugins/com.st.stm32cube.ide.mcu.externaltools.gnu-tools-for-stm32.11.3.rel1.win32_1.1.100.202309141235/tools/bin/../lib/gcc/arm-none-eabi/11.3.1/../../../../arm-none-eabi/lib/thumb/v7e-m+fp/hard\libc_nano.a(libc_a-msizer.o)
                0x000000000800ecbc                _malloc_usable_size_r
 .text._sbrk_r  0x000000000800eccc       0x20 C:/ST/STM32CubeIDE_1.14.0/STM32CubeIDE/plugins/com.st.stm32cube.ide.mcu.externaltools.gnu-tools-for-stm32.11.3.rel1.win32_1.1.100.202309141235/tools/bin/../lib/gcc/arm-none-eabi/11.3.1/../../../../arm-none-eabi/lib/thumb/v7e-m+fp/hard\libc_nano.a(libc_a-sbrkr.o)
                0x000000000800eccc                _sbrk_r
 *(.glue_7)
 .glue_7        0x000000000800ecec        0x0 linker stubs
 *(.glue_7t)
 .glue_7t       0x000000000800ecec        0x0 linker stubs
 *(.eh_frame)
 .eh_frame      0x000000000800ecec        0x0 C:/ST/STM32CubeIDE_1.14.0/STM32CubeIDE/plugins/com.st.stm32cube.ide.mcu.externaltools.gnu-tools-for-stm32.11.3.rel1.win32_1.1.100.202309141235/tools/bin/../lib/gcc/arm-none-eabi/11.3.1/thumb/v7e-m+fp/hard/crtbegin.o
 *(.init)
 .init          0x000000000800ecec        0x4 C:/ST/STM32CubeIDE_1.14.0/STM32CubeIDE/plugins/com.st.stm32cube.ide.mcu.externaltools.gnu-tools-for-stm32.11.3.rel1.win32_1.1.100.202309141235/tools/bin/../lib/gcc/arm-none-eabi/11.3.1/thumb/v7e-m+fp/hard/crti.o
                0x000000000800ecec                _init
 .init          0x000000000800ecf0        0x8 C:/ST/STM32CubeIDE_1.14.0/STM32CubeIDE/plugins/com.st.stm32cube.ide.mcu.externaltools.gnu-tools-for-stm32.11.3.rel1.win32_1.1.100.202309141235/tools/bin/../lib/gcc/arm-none-eabi/11.3.1/thumb/v7e-m+fp/hard/crtn.o
 *(.fini)
 .fini          0x000000000800ecf8        0x4 C:/ST/STM32CubeIDE_1.14.0/STM32CubeIDE/plugins/com.st.stm32cube.ide.mcu.externaltools.gnu-tools-for-stm32.11.3.rel1.win32_1.1.100.202309141235/tools/bin/../lib/gcc/arm-none-eabi/11.3.1/thumb/v7e-m+fp/hard/crti.o
                0x000000000800ecf8                _fini
 .fini          0x000000000800ecfc        0x8 C:/ST/STM32CubeIDE_1.14.0/STM32CubeIDE/plugins/com.st.stm32cube.ide.mcu.externaltools.gnu-tools-for-stm32.11.3.rel1.win32_1.1.100.202309141235/tools/bin/../lib/gcc/arm-none-eabi/11.3.1/thumb/v7e-m+fp/hard/crtn.o
                0x000000000800ed04                . = ALIGN (0x4)
                0x000000000800ed04                _etext = .

.vfp11_veneer   0x000000000800ed04        0x0
 .vfp11_veneer  0x000000000800ed04        0x0 linker stubs

.v4_bx          0x000000000800ed04        0x0
 .v4_bx         0x000000000800ed04        0x0 linker stubs

.iplt           0x000000000800ed04        0x0
 .iplt          0x000000000800ed04        0x0 C:/ST/STM32CubeIDE_1.14.0/STM32CubeIDE/plugins/com.st.stm32cube.ide.mcu.externaltools.gnu-tools-for-stm32.11.3.rel1.win32_1.1.100.202309141235/tools/bin/../lib/gcc/arm-none-eabi/11.3.1/thumb/v7e-m+fp/hard/crtbegin.o

.rodata         0x000000000800ed08      0x748
                0x000000000800ed08                . = ALIGN (0x4)
 *(.rodata)
 .rodata        0x000000000800ed08       0xcc ./Core/Src/main.o
 .rodata        0x000000000800edd4      0x291 ./Core/Src/mainpp.o
 *fill*         0x000000000800f065        0x3 
 .rodata        0x000000000800f068        0x5 ./Middlewares/Third_Party/FreeRTOS/Source/tasks.o
 *(.rodata*)
 *fill*         0x000000000800f06d        0x3 
 .rodata._ZN14rosserial_msgsL12REQUESTPARAME
                0x000000000800f070       0x1c ./Core/Src/mainpp.o
 .rodata._ZTVN3ros10SubscriberIN13geometry_msgs5TwistEvEE
                0x000000000800f08c       0x18 ./Core/Src/mainpp.o
                0x000000000800f08c                vtable for ros::Subscriber<geometry_msgs::Twist, void>
 .rodata._ZTVN3ros11NodeHandle_I13STM32HardwareLi25ELi25ELi512ELi512EEE
                0x000000000800f0a4       0x14 ./Core/Src/mainpp.o
                0x000000000800f0a4                vtable for ros::NodeHandle_<STM32Hardware, 25, 25, 512, 512>
 .rodata._ZTVN13geometry_msgs5TwistE
                0x000000000800f0b8       0x18 ./Core/Src/mainpp.o
                0x000000000800f0b8                vtable for geometry_msgs::Twist
 .rodata._ZTVN13geometry_msgs7Vector3E
                0x000000000800f0d0       0x18 ./Core/Src/mainpp.o
                0x000000000800f0d0                vtable for geometry_msgs::Vector3
 .rodata._ZTVN8std_msgs15Int16MultiArrayE
                0x000000000800f0e8       0x18 ./Core/Src/mainpp.o
                0x000000000800f0e8                vtable for std_msgs::Int16MultiArray
 .rodata._ZTVN8std_msgs16MultiArrayLayoutE
                0x000000000800f100       0x18 ./Core/Src/mainpp.o
                0x000000000800f100                vtable for std_msgs::MultiArrayLayout
 .rodata._ZTVN8std_msgs19MultiArrayDimensionE
                0x000000000800f118       0x18 ./Core/Src/mainpp.o
                0x000000000800f118                vtable for std_msgs::MultiArrayDimension
 .rodata._ZTVN8std_msgs6StringE
                0x000000000800f130       0x18 ./Core/Src/mainpp.o
                0x000000000800f130                vtable for std_msgs::String
 .rodata._ZTVN3ros11Subscriber_E
                0x000000000800f148       0x18 ./Core/Src/mainpp.o
                0x000000000800f148                vtable for ros::Subscriber_
 .rodata._ZTVN3ros15NodeHandleBase_E
                0x000000000800f160       0x14 ./Core/Src/mainpp.o
                0x000000000800f160                vtable for ros::NodeHandleBase_
 .rodata._ZTVN14rosserial_msgs20RequestParamResponseE
                0x000000000800f174       0x18 ./Core/Src/mainpp.o
                0x000000000800f174                vtable for rosserial_msgs::RequestParamResponse
 .rodata._ZTVN14rosserial_msgs3LogE
                0x000000000800f18c       0x18 ./Core/Src/mainpp.o
                0x000000000800f18c                vtable for rosserial_msgs::Log
 .rodata._ZTVN14rosserial_msgs9TopicInfoE
                0x000000000800f1a4       0x18 ./Core/Src/mainpp.o
                0x000000000800f1a4                vtable for rosserial_msgs::TopicInfo
 .rodata._ZTVN8std_msgs4TimeE
                0x000000000800f1bc       0x18 ./Core/Src/mainpp.o
                0x000000000800f1bc                vtable for std_msgs::Time
 .rodata._ZTVN3ros3MsgE
                0x000000000800f1d4       0x18 ./Core/Src/mainpp.o
                0x000000000800f1d4                vtable for ros::Msg
 .rodata.AHBPrescTable
                0x000000000800f1ec       0x10 ./Core/Src/system_stm32f7xx.o
                0x000000000800f1ec                AHBPrescTable
 .rodata.APBPrescTable
                0x000000000800f1fc        0x8 ./Core/Src/system_stm32f7xx.o
                0x000000000800f1fc                APBPrescTable
 *fill*         0x000000000800f204        0x4 
 .rodata.CSWTCH.8
                0x000000000800f208       0x18 C:/ST/STM32CubeIDE_1.14.0/STM32CubeIDE/plugins/com.st.stm32cube.ide.mcu.externaltools.gnu-tools-for-stm32.11.3.rel1.win32_1.1.100.202309141235/tools/bin/../lib/gcc/arm-none-eabi/11.3.1/../../../../arm-none-eabi/lib/thumb/v7e-m+fp/hard\libm.a(libm_a-e_atan2.o)
 .rodata.CSWTCH.9
                0x000000000800f220       0x18 C:/ST/STM32CubeIDE_1.14.0/STM32CubeIDE/plugins/com.st.stm32cube.ide.mcu.externaltools.gnu-tools-for-stm32.11.3.rel1.win32_1.1.100.202309141235/tools/bin/../lib/gcc/arm-none-eabi/11.3.1/../../../../arm-none-eabi/lib/thumb/v7e-m+fp/hard\libm.a(libm_a-e_atan2.o)
 .rodata.npio2_hw
                0x000000000800f238       0x80 C:/ST/STM32CubeIDE_1.14.0/STM32CubeIDE/plugins/com.st.stm32cube.ide.mcu.externaltools.gnu-tools-for-stm32.11.3.rel1.win32_1.1.100.202309141235/tools/bin/../lib/gcc/arm-none-eabi/11.3.1/../../../../arm-none-eabi/lib/thumb/v7e-m+fp/hard\libm.a(libm_a-e_rem_pio2.o)
 .rodata.two_over_pi
                0x000000000800f2b8      0x108 C:/ST/STM32CubeIDE_1.14.0/STM32CubeIDE/plugins/com.st.stm32cube.ide.mcu.externaltools.gnu-tools-for-stm32.11.3.rel1.win32_1.1.100.202309141235/tools/bin/../lib/gcc/arm-none-eabi/11.3.1/../../../../arm-none-eabi/lib/thumb/v7e-m+fp/hard\libm.a(libm_a-e_rem_pio2.o)
 .rodata.atanhi
                0x000000000800f3c0       0x20 C:/ST/STM32CubeIDE_1.14.0/STM32CubeIDE/plugins/com.st.stm32cube.ide.mcu.externaltools.gnu-tools-for-stm32.11.3.rel1.win32_1.1.100.202309141235/tools/bin/../lib/gcc/arm-none-eabi/11.3.1/../../../../arm-none-eabi/lib/thumb/v7e-m+fp/hard\libm.a(libm_a-s_atan.o)
 .rodata.atanlo
                0x000000000800f3e0       0x20 C:/ST/STM32CubeIDE_1.14.0/STM32CubeIDE/plugins/com.st.stm32cube.ide.mcu.externaltools.gnu-tools-for-stm32.11.3.rel1.win32_1.1.100.202309141235/tools/bin/../lib/gcc/arm-none-eabi/11.3.1/../../../../arm-none-eabi/lib/thumb/v7e-m+fp/hard\libm.a(libm_a-s_atan.o)
 .rodata.PIo2   0x000000000800f400       0x40 C:/ST/STM32CubeIDE_1.14.0/STM32CubeIDE/plugins/com.st.stm32cube.ide.mcu.externaltools.gnu-tools-for-stm32.11.3.rel1.win32_1.1.100.202309141235/tools/bin/../lib/gcc/arm-none-eabi/11.3.1/../../../../arm-none-eabi/lib/thumb/v7e-m+fp/hard\libm.a(libm_a-k_rem_pio2.o)
 .rodata.init_jk
                0x000000000800f440       0x10 C:/ST/STM32CubeIDE_1.14.0/STM32CubeIDE/plugins/com.st.stm32cube.ide.mcu.externaltools.gnu-tools-for-stm32.11.3.rel1.win32_1.1.100.202309141235/tools/bin/../lib/gcc/arm-none-eabi/11.3.1/../../../../arm-none-eabi/lib/thumb/v7e-m+fp/hard\libm.a(libm_a-k_rem_pio2.o)
                0x000000000800f450                . = ALIGN (0x4)

.ARM.extab      0x000000000800f450        0x0
                0x000000000800f450                . = ALIGN (0x4)
 *(.ARM.extab* .gnu.linkonce.armextab.*)
                0x000000000800f450                . = ALIGN (0x4)

.ARM            0x000000000800f450        0x8
                0x000000000800f450                . = ALIGN (0x4)
                0x000000000800f450                __exidx_start = .
 *(.ARM.exidx*)
 .ARM.exidx     0x000000000800f450        0x8 C:/ST/STM32CubeIDE_1.14.0/STM32CubeIDE/plugins/com.st.stm32cube.ide.mcu.externaltools.gnu-tools-for-stm32.11.3.rel1.win32_1.1.100.202309141235/tools/bin/../lib/gcc/arm-none-eabi/11.3.1/thumb/v7e-m+fp/hard\libgcc.a(_udivmoddi4.o)
                0x000000000800f458                __exidx_end = .
                0x000000000800f458                . = ALIGN (0x4)

.rel.dyn        0x000000000800f458        0x0
 .rel.iplt      0x000000000800f458        0x0 C:/ST/STM32CubeIDE_1.14.0/STM32CubeIDE/plugins/com.st.stm32cube.ide.mcu.externaltools.gnu-tools-for-stm32.11.3.rel1.win32_1.1.100.202309141235/tools/bin/../lib/gcc/arm-none-eabi/11.3.1/thumb/v7e-m+fp/hard/crtbegin.o

.preinit_array  0x000000000800f458        0x0
                0x000000000800f458                . = ALIGN (0x4)
                0x000000000800f458                PROVIDE (__preinit_array_start = .)
 *(.preinit_array*)
                0x000000000800f458                PROVIDE (__preinit_array_end = .)
                0x000000000800f458                . = ALIGN (0x4)

.init_array     0x000000000800f458        0x8
                0x000000000800f458                . = ALIGN (0x4)
                0x000000000800f458                PROVIDE (__init_array_start = .)
 *(SORT_BY_NAME(.init_array.*))
 *(.init_array*)
 .init_array    0x000000000800f458        0x4 C:/ST/STM32CubeIDE_1.14.0/STM32CubeIDE/plugins/com.st.stm32cube.ide.mcu.externaltools.gnu-tools-for-stm32.11.3.rel1.win32_1.1.100.202309141235/tools/bin/../lib/gcc/arm-none-eabi/11.3.1/thumb/v7e-m+fp/hard/crtbegin.o
 .init_array    0x000000000800f45c        0x4 ./Core/Src/mainpp.o
                0x000000000800f460                PROVIDE (__init_array_end = .)
                0x000000000800f460                . = ALIGN (0x4)

.fini_array     0x000000000800f460        0x4
                0x000000000800f460                . = ALIGN (0x4)
                [!provide]                        PROVIDE (__fini_array_start = .)
 *(SORT_BY_NAME(.fini_array.*))
 *(.fini_array*)
 .fini_array    0x000000000800f460        0x4 C:/ST/STM32CubeIDE_1.14.0/STM32CubeIDE/plugins/com.st.stm32cube.ide.mcu.externaltools.gnu-tools-for-stm32.11.3.rel1.win32_1.1.100.202309141235/tools/bin/../lib/gcc/arm-none-eabi/11.3.1/thumb/v7e-m+fp/hard/crtbegin.o
                [!provide]                        PROVIDE (__fini_array_end = .)